TLC2 Version 2.19 of 08 August 2024 (rev: 5a47802)
Running breadth-first search Model-Checking with fp 20 and seed 2662563945676254682 with 80 workers on 80 cores with 72818MB heap and 64MB offheap memory [pid: 255708] (Linux 5.15.0-177-generic amd64, Ubuntu 11.0.31 x86_64, MSBDiskFPSet, DiskStateQueue).
Parsing file /home/yin/TLA/sc.tla
Parsing file /tmp/Naturals.tla
Parsing file /tmp/Sequences.tla
Parsing file /tmp/TLC.tla
Parsing file /tmp/FiniteSets.tla
Semantic processing of module Naturals
Semantic processing of module Sequences
Semantic processing of module FiniteSets
Semantic processing of module TLC
Semantic processing of module sc
Starting... (2026-07-15 11:48:07)
Computing initial states...
Finished computing initial states: 1 distinct state generated at 2026-07-15 11:48:08.
Progress(18) at 2026-07-15 11:48:11: 362,803 states generated (362,803 s/min), 126,002 distinct states found (126,002 ds/min), 69,383 states left on queue.
Progress(24) at 2026-07-15 11:49:11: 23,242,036 states generated (22,879,233 s/min), 6,293,098 distinct states found (6,167,096 ds/min), 2,428,626 states left on queue.
Progress(26) at 2026-07-15 11:50:11: 46,267,319 states generated (23,025,283 s/min), 11,970,274 distinct states found (5,677,176 ds/min), 4,177,251 states left on queue.
Progress(27) at 2026-07-15 11:51:11: 70,328,037 states generated (24,060,718 s/min), 17,628,341 distinct states found (5,658,067 ds/min), 5,718,685 states left on queue.
Progress(27) at 2026-07-15 11:52:11: 93,912,050 states generated (23,584,013 s/min), 22,948,895 distinct states found (5,320,554 ds/min), 7,001,023 states left on queue.
Progress(28) at 2026-07-15 11:53:11: 117,420,371 states generated (23,508,321 s/min), 28,117,898 distinct states found (5,169,003 ds/min), 8,135,277 states left on queue.
Progress(28) at 2026-07-15 11:54:11: 140,555,539 states generated (23,135,168 s/min), 33,199,960 distinct states found (5,082,062 ds/min), 9,208,593 states left on queue.
Progress(29) at 2026-07-15 11:55:11: 164,926,072 states generated (24,370,533 s/min), 38,324,630 distinct states found (5,124,670 ds/min), 10,139,171 states left on queue.
Progress(29) at 2026-07-15 11:56:11: 188,036,662 states generated (23,110,590 s/min), 43,215,204 distinct states found (4,890,574 ds/min), 11,021,263 states left on queue.
Progress(30) at 2026-07-15 11:57:11: 212,319,191 states generated (24,282,529 s/min), 48,233,936 distinct states found (5,018,732 ds/min), 11,816,449 states left on queue.
Progress(30) at 2026-07-15 11:58:11: 235,706,137 states generated (23,386,946 s/min), 52,963,309 distinct states found (4,729,373 ds/min), 12,559,384 states left on queue.
Progress(30) at 2026-07-15 11:59:11: 260,041,614 states generated (24,335,477 s/min), 58,016,997 distinct states found (5,053,688 ds/min), 13,365,336 states left on queue.
Progress(31) at 2026-07-15 12:00:11: 283,200,509 states generated (23,158,895 s/min), 62,581,303 distinct states found (4,564,306 ds/min), 13,915,399 states left on queue.
Progress(31) at 2026-07-15 12:01:11: 307,621,840 states generated (24,421,331 s/min), 67,357,131 distinct states found (4,775,828 ds/min), 14,557,082 states left on queue.
Progress(31) at 2026-07-15 12:02:11: 330,602,314 states generated (22,980,474 s/min), 71,968,935 distinct states found (4,611,804 ds/min), 15,164,084 states left on queue.
Progress(32) at 2026-07-15 12:03:11: 355,166,058 states generated (24,563,744 s/min), 76,771,686 distinct states found (4,802,751 ds/min), 15,637,387 states left on queue.
Progress(32) at 2026-07-15 12:04:12: 378,623,225 states generated (23,457,167 s/min), 81,236,908 distinct states found (4,465,222 ds/min), 16,144,622 states left on queue.
Progress(32) at 2026-07-15 12:05:12: 403,349,625 states generated (24,726,400 s/min), 86,000,621 distinct states found (4,763,713 ds/min), 16,649,929 states left on queue.
Progress(33) at 2026-07-15 12:06:12: 427,844,248 states generated (24,494,623 s/min), 90,760,904 distinct states found (4,760,283 ds/min), 17,114,765 states left on queue.
Progress(33) at 2026-07-15 12:07:12: 451,406,338 states generated (23,562,090 s/min), 95,143,682 distinct states found (4,382,778 ds/min), 17,430,967 states left on queue.
Progress(33) at 2026-07-15 12:08:12: 476,005,841 states generated (24,599,503 s/min), 99,700,934 distinct states found (4,557,252 ds/min), 17,807,949 states left on queue.
Progress(33) at 2026-07-15 12:09:12: 500,663,791 states generated (24,657,950 s/min), 104,394,782 distinct states found (4,693,848 ds/min), 18,245,168 states left on queue.
Progress(33) at 2026-07-15 12:10:12: 524,163,030 states generated (23,499,239 s/min), 108,787,025 distinct states found (4,392,243 ds/min), 18,556,168 states left on queue.
Progress(34) at 2026-07-15 12:11:12: 548,982,550 states generated (24,819,520 s/min), 113,327,557 distinct states found (4,540,532 ds/min), 18,762,637 states left on queue.
Progress(34) at 2026-07-15 12:12:12: 573,561,786 states generated (24,579,236 s/min), 117,845,609 distinct states found (4,518,052 ds/min), 19,173,235 states left on queue.
Progress(34) at 2026-07-15 12:13:12: 598,215,393 states generated (24,653,607 s/min), 122,283,849 distinct states found (4,438,240 ds/min), 19,364,017 states left on queue.
Progress(34) at 2026-07-15 12:14:12: 620,440,857 states generated (22,225,464 s/min), 126,421,026 distinct states found (4,137,177 ds/min), 19,627,771 states left on queue.
Progress(35) at 2026-07-15 12:15:12: 645,163,658 states generated (24,722,801 s/min), 130,900,308 distinct states found (4,479,282 ds/min), 19,741,457 states left on queue.
Progress(35) at 2026-07-15 12:16:12: 670,194,357 states generated (25,030,699 s/min), 135,320,912 distinct states found (4,420,604 ds/min), 19,940,980 states left on queue.
Progress(35) at 2026-07-15 12:17:12: 695,009,029 states generated (24,814,672 s/min), 139,713,991 distinct states found (4,393,079 ds/min), 20,145,272 states left on queue.
Checkpointing of run states/26-07-15-11-48-06
Checkpointing completed at (2026-07-15 12:18:12)
Progress(35) at 2026-07-15 12:18:12: 717,016,037 states generated (22,007,008 s/min), 143,693,210 distinct states found (3,979,219 ds/min), 20,344,968 states left on queue.
Progress(35) at 2026-07-15 12:19:12: 741,854,810 states generated (24,838,773 s/min), 148,171,277 distinct states found (4,478,067 ds/min), 20,516,102 states left on queue.
Progress(36) at 2026-07-15 12:20:12: 766,617,720 states generated (24,762,910 s/min), 152,506,822 distinct states found (4,335,545 ds/min), 20,465,169 states left on queue.
Progress(36) at 2026-07-15 12:21:12: 791,575,795 states generated (24,958,075 s/min), 156,835,798 distinct states found (4,328,976 ds/min), 20,630,187 states left on queue.
Progress(36) at 2026-07-15 12:22:12: 814,973,240 states generated (23,397,445 s/min), 160,826,595 distinct states found (3,990,797 ds/min), 20,641,797 states left on queue.
Progress(36) at 2026-07-15 12:23:12: 839,719,245 states generated (24,746,005 s/min), 165,287,097 distinct states found (4,460,502 ds/min), 20,824,434 states left on queue.
Progress(36) at 2026-07-15 12:24:12: 864,826,769 states generated (25,107,524 s/min), 169,638,574 distinct states found (4,351,477 ds/min), 20,846,870 states left on queue.
Progress(37) at 2026-07-15 12:25:12: 889,614,957 states generated (24,788,188 s/min), 173,840,133 distinct states found (4,201,559 ds/min), 20,677,591 states left on queue.
Progress(37) at 2026-07-15 12:26:12: 914,651,830 states generated (25,036,873 s/min), 178,143,899 distinct states found (4,303,766 ds/min), 20,816,724 states left on queue.
Progress(37) at 2026-07-15 12:27:12: 937,168,506 states generated (22,516,676 s/min), 181,881,745 distinct states found (3,737,846 ds/min), 20,710,695 states left on queue.
Progress(37) at 2026-07-15 12:28:12: 962,011,609 states generated (24,843,103 s/min), 186,222,425 distinct states found (4,340,680 ds/min), 20,728,090 states left on queue.
Progress(37) at 2026-07-15 12:29:12: 987,323,289 states generated (25,311,680 s/min), 190,500,967 distinct states found (4,278,542 ds/min), 20,648,716 states left on queue.
Progress(38) at 2026-07-15 12:30:12: 1,012,250,653 states generated (24,927,364 s/min), 194,640,913 distinct states found (4,139,946 ds/min), 20,420,292 states left on queue.
Progress(38) at 2026-07-15 12:31:12: 1,037,134,332 states generated (24,883,679 s/min), 198,867,590 distinct states found (4,226,677 ds/min), 20,519,447 states left on queue.
Progress(38) at 2026-07-15 12:32:12: 1,061,850,661 states generated (24,716,329 s/min), 202,931,407 distinct states found (4,063,817 ds/min), 20,360,773 states left on queue.
Progress(38) at 2026-07-15 12:33:12: 1,085,130,799 states generated (23,280,138 s/min), 206,922,117 distinct states found (3,990,710 ds/min), 20,277,118 states left on queue.
Progress(39) at 2026-07-15 12:34:12: 1,110,336,870 states generated (25,206,071 s/min), 211,049,929 distinct states found (4,127,812 ds/min), 20,052,314 states left on queue.
Progress(39) at 2026-07-15 12:35:12: 1,135,413,503 states generated (25,076,633 s/min), 215,083,897 distinct states found (4,033,968 ds/min), 19,731,337 states left on queue.
Progress(39) at 2026-07-15 12:36:12: 1,160,361,704 states generated (24,948,201 s/min), 219,292,796 distinct states found (4,208,899 ds/min), 19,794,736 states left on queue.
Progress(39) at 2026-07-15 12:37:12: 1,185,059,103 states generated (24,697,399 s/min), 223,224,161 distinct states found (3,931,365 ds/min), 19,474,990 states left on queue.
Progress(39) at 2026-07-15 12:38:12: 1,210,233,077 states generated (25,173,974 s/min), 227,410,704 distinct states found (4,186,543 ds/min), 19,287,320 states left on queue.
Progress(40) at 2026-07-15 12:39:12: 1,235,435,319 states generated (25,202,242 s/min), 231,487,655 distinct states found (4,076,951 ds/min), 18,954,975 states left on queue.
Progress(40) at 2026-07-15 12:40:12: 1,258,306,544 states generated (22,871,225 s/min), 235,114,972 distinct states found (3,627,317 ds/min), 18,695,600 states left on queue.
Progress(40) at 2026-07-15 12:41:12: 1,283,100,003 states generated (24,793,459 s/min), 239,104,644 distinct states found (3,989,672 ds/min), 18,508,912 states left on queue.
Progress(40) at 2026-07-15 12:42:12: 1,308,172,382 states generated (25,072,379 s/min), 243,157,987 distinct states found (4,053,343 ds/min), 18,236,688 states left on queue.
Progress(40) at 2026-07-15 12:43:12: 1,333,403,444 states generated (25,231,062 s/min), 247,225,999 distinct states found (4,068,012 ds/min), 17,928,585 states left on queue.
Progress(41) at 2026-07-15 12:44:12: 1,358,288,473 states generated (24,885,029 s/min), 251,065,365 distinct states found (3,839,366 ds/min), 17,414,311 states left on queue.
Progress(41) at 2026-07-15 12:45:13: 1,383,158,282 states generated (24,869,809 s/min), 255,074,245 distinct states found (4,008,880 ds/min), 17,264,952 states left on queue.
Progress(41) at 2026-07-15 12:46:13: 1,407,999,509 states generated (24,841,227 s/min), 258,867,270 distinct states found (3,793,025 ds/min), 16,785,318 states left on queue.
Progress(41) at 2026-07-15 12:47:13: 1,433,317,553 states generated (25,318,044 s/min), 262,919,993 distinct states found (4,052,723 ds/min), 16,425,955 states left on queue.
Checkpointing of run states/26-07-15-11-48-06
Checkpointing completed at (2026-07-15 12:48:15)
Progress(42) at 2026-07-15 12:48:15: 1,456,851,100 states generated (23,533,547 s/min), 266,537,320 distinct states found (3,617,327 ds/min), 15,908,542 states left on queue.
Progress(42) at 2026-07-15 12:49:15: 1,481,854,625 states generated (25,003,525 s/min), 270,456,394 distinct states found (3,919,074 ds/min), 15,658,363 states left on queue.
Progress(42) at 2026-07-15 12:50:15: 1,506,568,000 states generated (24,713,375 s/min), 274,169,285 distinct states found (3,712,891 ds/min), 15,122,598 states left on queue.
Progress(42) at 2026-07-15 12:51:15: 1,531,978,073 states generated (25,410,073 s/min), 278,171,948 distinct states found (4,002,663 ds/min), 14,698,029 states left on queue.
Progress(43) at 2026-07-15 12:52:15: 1,556,713,765 states generated (24,735,692 s/min), 281,822,413 distinct states found (3,650,465 ds/min), 14,048,847 states left on queue.
Progress(43) at 2026-07-15 12:53:15: 1,581,665,426 states generated (24,951,661 s/min), 285,631,250 distinct states found (3,808,837 ds/min), 13,643,617 states left on queue.
Progress(43) at 2026-07-15 12:54:15: 1,606,496,502 states generated (24,831,076 s/min), 289,395,820 distinct states found (3,764,570 ds/min), 13,086,411 states left on queue.
Progress(44) at 2026-07-15 12:55:15: 1,631,524,524 states generated (25,028,022 s/min), 293,128,796 distinct states found (3,732,976 ds/min), 12,426,774 states left on queue.
Progress(44) at 2026-07-15 12:56:15: 1,656,306,550 states generated (24,782,026 s/min), 296,802,691 distinct states found (3,673,895 ds/min), 11,926,649 states left on queue.
Progress(44) at 2026-07-15 12:57:15: 1,681,187,447 states generated (24,880,897 s/min), 300,464,837 distinct states found (3,662,146 ds/min), 11,258,641 states left on queue.
Progress(45) at 2026-07-15 12:58:15: 1,704,366,116 states generated (23,178,669 s/min), 303,862,927 distinct states found (3,398,090 ds/min), 10,587,050 states left on queue.
Progress(45) at 2026-07-15 12:59:15: 1,729,087,052 states generated (24,720,936 s/min), 307,436,699 distinct states found (3,573,772 ds/min), 9,971,724 states left on queue.
Progress(45) at 2026-07-15 13:00:15: 1,754,034,209 states generated (24,947,157 s/min), 311,091,704 distinct states found (3,655,005 ds/min), 9,262,161 states left on queue.
Progress(46) at 2026-07-15 13:01:15: 1,778,730,827 states generated (24,696,618 s/min), 314,602,790 distinct states found (3,511,086 ds/min), 8,517,429 states left on queue.
Progress(46) at 2026-07-15 13:02:15: 1,803,375,539 states generated (24,644,712 s/min), 318,060,969 distinct states found (3,458,179 ds/min), 7,692,179 states left on queue.
Progress(47) at 2026-07-15 13:03:15: 1,828,019,735 states generated (24,644,196 s/min), 321,551,818 distinct states found (3,490,849 ds/min), 6,916,540 states left on queue.
Progress(47) at 2026-07-15 13:04:15: 1,852,789,947 states generated (24,770,212 s/min), 325,004,564 distinct states found (3,452,746 ds/min), 6,040,834 states left on queue.
Progress(48) at 2026-07-15 13:05:15: 1,877,144,889 states generated (24,354,942 s/min), 328,245,947 distinct states found (3,241,383 ds/min), 5,071,400 states left on queue.
Progress(49) at 2026-07-15 13:06:15: 1,901,922,659 states generated (24,777,770 s/min), 331,605,414 distinct states found (3,359,467 ds/min), 4,103,289 states left on queue.
Progress(50) at 2026-07-15 13:07:15: 1,926,356,878 states generated (24,434,219 s/min), 334,808,490 distinct states found (3,203,076 ds/min), 3,025,217 states left on queue.
Progress(52) at 2026-07-15 13:08:15: 1,950,825,280 states generated (24,468,402 s/min), 337,938,242 distinct states found (3,129,752 ds/min), 1,831,758 states left on queue.
Progress(55) at 2026-07-15 13:09:15: 1,975,065,163 states generated (24,239,883 s/min), 340,816,440 distinct states found (2,878,198 ds/min), 422,755 states left on queue.
Model checking completed. No error has been found.
  Estimates of the probability that TLC did not check all reachable states
  because two distinct states had the same fingerprint:
  calculated (optimistic):  val = .030
  based on the actual fingerprints:  val = .0057
1980558888 states generated, 341389893 distinct states found, 0 states left on queue.
The depth of the complete state graph search is 64.
The average outdegree of the complete state graph is 1 (minimum is 0, the maximum 8 and the 95th percentile is 3).
Finished in 01h 21min at (2026-07-15 13:10:01)
