TLC2 Version 2.19 of 08 August 2024 (rev: 5a47802)
Warning: Please run the Java VM which executes TLC with a throughput optimized garbage collector by passing the "-XX:+UseParallelGC" property.
(Use the -nowarning option to disable this warning.)
Running breadth-first search Model-Checking with fp 52 and seed -3668738210634154070 with 80 workers on 80 cores with 81920MB heap and 64MB offheap memory [pid: 139035] (Linux 5.15.0-177-generic amd64, Ubuntu 11.0.31 x86_64, MSBDiskFPSet, DiskStateQueue).
Parsing file /home/yin/TLA/sc.tla
Parsing file /tmp/Naturals.tla
Parsing file /tmp/Sequences.tla
Parsing file /tmp/TLC.tla
Parsing file /tmp/FiniteSets.tla
Semantic processing of module Naturals
Semantic processing of module Sequences
Semantic processing of module FiniteSets
Semantic processing of module TLC
Semantic processing of module sc
Starting... (2026-06-14 08:15:58)
Computing initial states...
Finished computing initial states: 1 distinct state generated at 2026-06-14 08:15:59.
Progress(19) at 2026-06-14 08:16:02: 643,643 states generated (643,643 s/min), 211,861 distinct states found (211,861 ds/min), 111,119 states left on queue.
Progress(25) at 2026-06-14 08:17:02: 27,773,736 states generated (27,130,093 s/min), 7,411,128 distinct states found (7,199,267 ds/min), 2,763,087 states left on queue.
Progress(27) at 2026-06-14 08:18:02: 54,888,881 states generated (27,115,145 s/min), 13,943,363 distinct states found (6,532,235 ds/min), 4,637,801 states left on queue.
Progress(28) at 2026-06-14 08:19:02: 82,139,160 states generated (27,250,279 s/min), 20,229,263 distinct states found (6,285,900 ds/min), 6,246,000 states left on queue.
Progress(29) at 2026-06-14 08:20:02: 109,424,853 states generated (27,285,693 s/min), 26,392,881 distinct states found (6,163,618 ds/min), 7,732,494 states left on queue.
Progress(29) at 2026-06-14 08:21:02: 136,913,380 states generated (27,488,527 s/min), 32,298,897 distinct states found (5,906,016 ds/min), 8,914,179 states left on queue.
Progress(30) at 2026-06-14 08:22:02: 164,148,481 states generated (27,235,101 s/min), 38,155,250 distinct states found (5,856,353 ds/min), 10,002,126 states left on queue.
Progress(30) at 2026-06-14 08:23:02: 191,804,208 states generated (27,655,727 s/min), 43,934,434 distinct states found (5,779,184 ds/min), 11,069,693 states left on queue.
Progress(31) at 2026-06-14 08:24:02: 218,995,878 states generated (27,191,670 s/min), 49,605,323 distinct states found (5,670,889 ds/min), 11,965,191 states left on queue.
Progress(31) at 2026-06-14 08:25:02: 246,708,778 states generated (27,712,900 s/min), 55,173,572 distinct states found (5,568,249 ds/min), 12,787,359 states left on queue.
Progress(32) at 2026-06-14 08:26:02: 273,919,456 states generated (27,210,678 s/min), 60,856,959 distinct states found (5,683,387 ds/min), 13,729,627 states left on queue.
Progress(32) at 2026-06-14 08:27:02: 301,585,311 states generated (27,665,855 s/min), 66,257,404 distinct states found (5,400,445 ds/min), 14,416,954 states left on queue.
Progress(32) at 2026-06-14 08:28:02: 329,303,194 states generated (27,717,883 s/min), 71,677,312 distinct states found (5,419,908 ds/min), 15,091,584 states left on queue.
Progress(33) at 2026-06-14 08:29:02: 356,425,990 states generated (27,122,796 s/min), 77,090,187 distinct states found (5,412,875 ds/min), 15,735,981 states left on queue.
Progress(33) at 2026-06-14 08:30:02: 384,194,971 states generated (27,768,981 s/min), 82,394,069 distinct states found (5,303,882 ds/min), 16,294,833 states left on queue.
Progress(33) at 2026-06-14 08:31:02: 412,036,880 states generated (27,841,909 s/min), 87,667,533 distinct states found (5,273,464 ds/min), 16,785,609 states left on queue.
Progress(34) at 2026-06-14 08:32:02: 439,256,569 states generated (27,219,689 s/min), 93,055,102 distinct states found (5,387,569 ds/min), 17,396,036 states left on queue.
Progress(34) at 2026-06-14 08:33:02: 466,894,054 states generated (27,637,485 s/min), 98,079,532 distinct states found (5,024,430 ds/min), 17,630,783 states left on queue.
Progress(34) at 2026-06-14 08:34:02: 494,571,437 states generated (27,677,383 s/min), 103,249,702 distinct states found (5,170,170 ds/min), 18,062,800 states left on queue.
Progress(34) at 2026-06-14 08:35:02: 522,371,858 states generated (27,800,421 s/min), 108,461,193 distinct states found (5,211,491 ds/min), 18,552,129 states left on queue.
Progress(35) at 2026-06-14 08:36:02: 549,488,232 states generated (27,116,374 s/min), 113,544,723 distinct states found (5,083,530 ds/min), 18,848,733 states left on queue.
Progress(35) at 2026-06-14 08:37:02: 577,391,134 states generated (27,902,902 s/min), 118,664,333 distinct states found (5,119,610 ds/min), 19,225,986 states left on queue.
Progress(35) at 2026-06-14 08:38:02: 605,429,969 states generated (28,038,835 s/min), 123,729,319 distinct states found (5,064,986 ds/min), 19,463,930 states left on queue.
Progress(35) at 2026-06-14 08:39:02: 631,027,488 states generated (25,597,519 s/min), 128,397,952 distinct states found (4,668,633 ds/min), 19,773,814 states left on queue.
Progress(36) at 2026-06-14 08:40:02: 655,523,280 states generated (24,495,792 s/min), 132,927,562 distinct states found (4,529,610 ds/min), 19,960,404 states left on queue.
Progress(36) at 2026-06-14 08:41:02: 680,853,190 states generated (25,329,910 s/min), 137,335,272 distinct states found (4,407,710 ds/min), 20,020,764 states left on queue.
Progress(36) at 2026-06-14 08:42:02: 706,168,704 states generated (25,315,514 s/min), 141,896,678 distinct states found (4,561,406 ds/min), 20,318,193 states left on queue.
Progress(36) at 2026-06-14 08:43:02: 731,603,096 states generated (25,434,392 s/min), 146,450,821 distinct states found (4,554,143 ds/min), 20,528,472 states left on queue.
Progress(37) at 2026-06-14 08:44:02: 756,851,843 states generated (25,248,747 s/min), 150,989,088 distinct states found (4,538,267 ds/min), 20,646,747 states left on queue.
Progress(37) at 2026-06-14 08:45:02: 782,307,229 states generated (25,455,386 s/min), 155,391,515 distinct states found (4,402,427 ds/min), 20,637,316 states left on queue.
Checkpointing of run states/26-06-14-08-15-58
Checkpointing completed at (2026-06-14 08:46:02)
Progress(37) at 2026-06-14 08:46:02: 808,032,422 states generated (25,725,193 s/min), 159,923,095 distinct states found (4,531,580 ds/min), 20,821,907 states left on queue.
Progress(37) at 2026-06-14 08:47:02: 833,894,265 states generated (25,861,843 s/min), 164,306,923 distinct states found (4,383,828 ds/min), 20,738,902 states left on queue.
Progress(37) at 2026-06-14 08:48:02: 859,340,240 states generated (25,445,975 s/min), 168,836,369 distinct states found (4,529,446 ds/min), 20,962,698 states left on queue.
Progress(38) at 2026-06-14 08:49:02: 883,867,397 states generated (24,527,157 s/min), 173,118,415 distinct states found (4,282,046 ds/min), 20,909,952 states left on queue.
Progress(38) at 2026-06-14 08:50:02: 909,050,864 states generated (25,183,467 s/min), 177,356,988 distinct states found (4,238,573 ds/min), 20,812,834 states left on queue.
Progress(38) at 2026-06-14 08:51:02: 933,856,154 states generated (24,805,290 s/min), 181,659,018 distinct states found (4,302,030 ds/min), 20,949,224 states left on queue.
Progress(38) at 2026-06-14 08:52:02: 959,159,520 states generated (25,303,366 s/min), 185,886,356 distinct states found (4,227,338 ds/min), 20,787,187 states left on queue.
Progress(38) at 2026-06-14 08:53:02: 983,922,494 states generated (24,762,974 s/min), 190,080,594 distinct states found (4,194,238 ds/min), 20,774,555 states left on queue.
Progress(39) at 2026-06-14 08:54:02: 1,008,025,010 states generated (24,102,516 s/min), 194,228,398 distinct states found (4,147,804 ds/min), 20,667,540 states left on queue.
Progress(39) at 2026-06-14 08:55:02: 1,032,812,315 states generated (24,787,305 s/min), 198,290,833 distinct states found (4,062,435 ds/min), 20,446,497 states left on queue.
Progress(39) at 2026-06-14 08:56:02: 1,057,424,117 states generated (24,611,802 s/min), 202,499,354 distinct states found (4,208,521 ds/min), 20,565,021 states left on queue.
Progress(39) at 2026-06-14 08:57:02: 1,082,133,628 states generated (24,709,511 s/min), 206,556,350 distinct states found (4,056,996 ds/min), 20,332,918 states left on queue.
Progress(39) at 2026-06-14 08:58:02: 1,106,705,371 states generated (24,571,743 s/min), 210,624,861 distinct states found (4,068,511 ds/min), 20,205,156 states left on queue.
Progress(40) at 2026-06-14 08:59:02: 1,130,752,656 states generated (24,047,285 s/min), 214,639,073 distinct states found (4,014,212 ds/min), 19,997,892 states left on queue.
Progress(40) at 2026-06-14 09:00:02: 1,155,645,763 states generated (24,893,107 s/min), 218,644,390 distinct states found (4,005,317 ds/min), 19,712,895 states left on queue.
Progress(40) at 2026-06-14 09:01:03: 1,180,350,171 states generated (24,704,408 s/min), 222,804,160 distinct states found (4,159,770 ds/min), 19,708,328 states left on queue.
Progress(40) at 2026-06-14 09:02:03: 1,205,389,373 states generated (25,039,202 s/min), 226,829,641 distinct states found (4,025,481 ds/min), 19,430,986 states left on queue.
Progress(40) at 2026-06-14 09:03:03: 1,229,351,641 states generated (23,962,268 s/min), 230,744,556 distinct states found (3,914,915 ds/min), 19,237,105 states left on queue.
Progress(41) at 2026-06-14 09:04:03: 1,253,243,368 states generated (23,891,727 s/min), 234,534,536 distinct states found (3,789,980 ds/min), 18,862,127 states left on queue.
Progress(41) at 2026-06-14 09:05:03: 1,278,001,939 states generated (24,758,571 s/min), 238,550,826 distinct states found (4,016,290 ds/min), 18,644,037 states left on queue.
Progress(41) at 2026-06-14 09:06:03: 1,302,236,549 states generated (24,234,610 s/min), 242,440,289 distinct states found (3,889,463 ds/min), 18,394,924 states left on queue.
Progress(41) at 2026-06-14 09:07:03: 1,326,421,475 states generated (24,184,926 s/min), 246,295,892 distinct states found (3,855,603 ds/min), 18,088,313 states left on queue.
Progress(42) at 2026-06-14 09:08:03: 1,350,258,366 states generated (23,836,891 s/min), 250,058,982 distinct states found (3,763,090 ds/min), 17,697,752 states left on queue.
Progress(42) at 2026-06-14 09:09:03: 1,374,731,533 states generated (24,473,167 s/min), 253,924,202 distinct states found (3,865,220 ds/min), 17,313,218 states left on queue.
Progress(42) at 2026-06-14 09:10:03: 1,398,937,888 states generated (24,206,355 s/min), 257,822,117 distinct states found (3,897,915 ds/min), 17,164,545 states left on queue.
Progress(42) at 2026-06-14 09:11:03: 1,423,382,796 states generated (24,444,908 s/min), 261,577,456 distinct states found (3,755,339 ds/min), 16,672,030 states left on queue.
Progress(42) at 2026-06-14 09:12:03: 1,447,243,456 states generated (23,860,660 s/min), 265,242,891 distinct states found (3,665,435 ds/min), 16,231,102 states left on queue.
Progress(43) at 2026-06-14 09:13:03: 1,471,200,557 states generated (23,957,101 s/min), 268,971,671 distinct states found (3,728,780 ds/min), 15,777,490 states left on queue.
Progress(43) at 2026-06-14 09:14:03: 1,495,205,360 states generated (24,004,803 s/min), 272,768,648 distinct states found (3,796,977 ds/min), 15,537,925 states left on queue.
Progress(43) at 2026-06-14 09:15:03: 1,519,421,514 states generated (24,216,154 s/min), 276,415,050 distinct states found (3,646,402 ds/min), 14,973,156 states left on queue.
Checkpointing of run states/26-06-14-08-15-58
Checkpointing completed at (2026-06-14 09:16:06)
Progress(44) at 2026-06-14 09:16:06: 1,544,141,173 states generated (24,719,659 s/min), 280,114,264 distinct states found (3,699,214 ds/min), 14,406,246 states left on queue.
Progress(44) at 2026-06-14 09:17:06: 1,568,101,881 states generated (23,960,708 s/min), 283,783,032 distinct states found (3,668,768 ds/min), 13,889,228 states left on queue.
Progress(44) at 2026-06-14 09:18:06: 1,592,087,930 states generated (23,986,049 s/min), 287,447,799 distinct states found (3,664,767 ds/min), 13,507,336 states left on queue.
Progress(44) at 2026-06-14 09:19:06: 1,615,942,640 states generated (23,854,710 s/min), 290,963,185 distinct states found (3,515,386 ds/min), 12,923,767 states left on queue.
Progress(45) at 2026-06-14 09:20:06: 1,639,461,393 states generated (23,518,753 s/min), 294,425,592 distinct states found (3,462,407 ds/min), 12,284,173 states left on queue.
Progress(45) at 2026-06-14 09:21:06: 1,663,387,599 states generated (23,926,206 s/min), 298,047,866 distinct states found (3,622,274 ds/min), 11,825,718 states left on queue.
Progress(45) at 2026-06-14 09:22:06: 1,687,093,617 states generated (23,706,018 s/min), 301,508,203 distinct states found (3,460,337 ds/min), 11,164,147 states left on queue.
Progress(46) at 2026-06-14 09:23:06: 1,710,636,652 states generated (23,543,035 s/min), 304,864,945 distinct states found (3,356,742 ds/min), 10,434,722 states left on queue.
Progress(46) at 2026-06-14 09:24:06: 1,734,477,437 states generated (23,840,785 s/min), 308,437,197 distinct states found (3,572,252 ds/min), 9,938,276 states left on queue.
Progress(46) at 2026-06-14 09:25:06: 1,758,001,854 states generated (23,524,417 s/min), 311,726,725 distinct states found (3,289,528 ds/min), 9,127,274 states left on queue.
Progress(47) at 2026-06-14 09:26:06: 1,781,630,305 states generated (23,628,451 s/min), 315,122,215 distinct states found (3,395,490 ds/min), 8,407,577 states left on queue.
Progress(47) at 2026-06-14 09:27:06: 1,805,057,889 states generated (23,427,584 s/min), 318,447,655 distinct states found (3,325,440 ds/min), 7,698,699 states left on queue.
Progress(48) at 2026-06-14 09:28:06: 1,828,489,730 states generated (23,431,841 s/min), 321,693,302 distinct states found (3,245,647 ds/min), 6,846,301 states left on queue.
Progress(48) at 2026-06-14 09:29:06: 1,852,035,484 states generated (23,545,754 s/min), 324,928,005 distinct states found (3,234,703 ds/min), 6,040,509 states left on queue.
Progress(49) at 2026-06-14 09:30:06: 1,875,520,954 states generated (23,485,470 s/min), 328,156,717 distinct states found (3,228,712 ds/min), 5,199,420 states left on queue.
Progress(50) at 2026-06-14 09:31:06: 1,899,200,751 states generated (23,679,797 s/min), 331,300,330 distinct states found (3,143,613 ds/min), 4,177,830 states left on queue.
Progress(51) at 2026-06-14 09:32:06: 1,923,130,680 states generated (23,929,929 s/min), 334,439,396 distinct states found (3,139,066 ds/min), 3,148,540 states left on queue.
Progress(52) at 2026-06-14 09:33:06: 1,946,951,786 states generated (23,821,106 s/min), 337,471,698 distinct states found (3,032,302 ds/min), 2,031,869 states left on queue.
Progress(55) at 2026-06-14 09:34:06: 1,970,687,732 states generated (23,735,946 s/min), 340,330,603 distinct states found (2,858,905 ds/min), 704,537 states left on queue.
Model checking completed. No error has been found.
  Estimates of the probability that TLC did not check all reachable states
  because two distinct states had the same fingerprint:
  calculated (optimistic):  val = .030
  based on the actual fingerprints:  val = .018
1980558888 states generated, 341389893 distinct states found, 0 states left on queue.
The depth of the complete state graph search is 64.
The average outdegree of the complete state graph is 1 (minimum is 0, the maximum 8 and the 95th percentile is 3).
Finished in 01h 19min at (2026-06-14 09:35:01)
