TLC2 Version 2.19 of 08 August 2024 (rev: 5a47802)
Running breadth-first search Model-Checking with fp 54 and seed 5145465789375402247 with 80 workers on 80 cores with 136533MB heap and 64MB offheap memory [pid: 65037] (Linux 5.15.0-187-generic amd64, Ubuntu 11.0.32 x86_64, MSBDiskFPSet, DiskStateQueue).
Parsing file /home/yin/TLA/sc.tla
Parsing file /tmp/Naturals.tla
Parsing file /tmp/Sequences.tla
Parsing file /tmp/TLC.tla
Parsing file /tmp/FiniteSets.tla
Semantic processing of module Naturals
Semantic processing of module Sequences
Semantic processing of module FiniteSets
Semantic processing of module TLC
Semantic processing of module sc
Starting... (2026-09-04 14:31:54)
Computing initial states...
Finished computing initial states: 1 distinct state generated at 2026-09-04 14:31:55.
Progress(19) at 2026-09-04 14:31:58: 421,779 states generated (421,779 s/min), 142,770 distinct states found (142,770 ds/min), 77,722 states left on queue.
Progress(25) at 2026-09-04 14:32:58: 22,935,778 states generated (22,513,999 s/min), 6,211,673 distinct states found (6,068,903 ds/min), 2,378,968 states left on queue.
Progress(26) at 2026-09-04 14:33:58: 47,170,275 states generated (24,234,497 s/min), 12,166,545 distinct states found (5,954,872 ds/min), 4,205,809 states left on queue.
Progress(27) at 2026-09-04 14:34:58: 71,292,599 states generated (24,122,324 s/min), 17,810,692 distinct states found (5,644,147 ds/min), 5,713,226 states left on queue.
Progress(28) at 2026-09-04 14:35:58: 95,565,186 states generated (24,272,587 s/min), 23,279,125 distinct states found (5,468,433 ds/min), 6,966,444 states left on queue.
Progress(29) at 2026-09-04 14:36:58: 119,389,283 states generated (23,824,097 s/min), 28,530,835 distinct states found (5,251,710 ds/min), 8,132,450 states left on queue.
Progress(29) at 2026-09-04 14:37:58: 144,310,798 states generated (24,921,515 s/min), 33,944,714 distinct states found (5,413,879 ds/min), 9,221,026 states left on queue.
Progress(30) at 2026-09-04 14:38:58: 168,396,933 states generated (24,086,135 s/min), 39,016,088 distinct states found (5,071,374 ds/min), 10,126,661 states left on queue.
Progress(30) at 2026-09-04 14:39:58: 192,112,936 states generated (23,716,003 s/min), 43,981,043 distinct states found (4,964,955 ds/min), 10,960,559 states left on queue.
Progress(31) at 2026-09-04 14:40:58: 217,340,315 states generated (25,227,379 s/min), 49,240,230 distinct states found (5,259,187 ds/min), 11,912,788 states left on queue.
Progress(31) at 2026-09-04 14:41:58: 241,315,509 states generated (23,975,194 s/min), 54,121,460 distinct states found (4,881,230 ds/min), 12,610,176 states left on queue.
Progress(31) at 2026-09-04 14:42:58: 266,594,075 states generated (25,278,566 s/min), 59,183,445 distinct states found (5,061,985 ds/min), 13,349,368 states left on queue.
Progress(32) at 2026-09-04 14:43:58: 291,739,141 states generated (25,145,066 s/min), 64,238,277 distinct states found (5,054,832 ds/min), 14,056,761 states left on queue.
Progress(32) at 2026-09-04 14:44:58: 315,633,460 states generated (23,894,319 s/min), 68,923,556 distinct states found (4,685,279 ds/min), 14,567,312 states left on queue.
Progress(32) at 2026-09-04 14:45:58: 341,189,035 states generated (25,555,575 s/min), 73,914,069 distinct states found (4,990,513 ds/min), 15,182,522 states left on queue.
Progress(33) at 2026-09-04 14:46:58: 365,063,204 states generated (23,874,169 s/min), 78,627,042 distinct states found (4,712,973 ds/min), 15,797,566 states left on queue.
Progress(33) at 2026-09-04 14:47:58: 390,976,486 states generated (25,913,282 s/min), 83,558,886 distinct states found (4,931,844 ds/min), 16,245,627 states left on queue.
Progress(33) at 2026-09-04 14:48:58: 415,941,588 states generated (24,965,102 s/min), 88,240,450 distinct states found (4,681,564 ds/min), 16,540,267 states left on queue.
Progress(33) at 2026-09-04 14:49:58: 439,461,014 states generated (23,519,426 s/min), 92,771,762 distinct states found (4,531,312 ds/min), 17,103,517 states left on queue.
Progress(34) at 2026-09-04 14:50:58: 464,709,628 states generated (25,248,614 s/min), 97,629,519 distinct states found (4,857,757 ds/min), 17,585,746 states left on queue.
Progress(34) at 2026-09-04 14:51:58: 490,382,146 states generated (25,672,518 s/min), 102,390,886 distinct states found (4,761,367 ds/min), 17,888,672 states left on queue.
Progress(34) at 2026-09-04 14:52:59: 514,407,683 states generated (24,025,537 s/min), 106,716,402 distinct states found (4,325,516 ds/min), 18,003,077 states left on queue.
Progress(34) at 2026-09-04 14:53:59: 540,209,585 states generated (25,801,902 s/min), 111,623,875 distinct states found (4,907,473 ds/min), 18,570,926 states left on queue.
Progress(35) at 2026-09-04 14:54:59: 565,833,278 states generated (25,623,693 s/min), 116,412,903 distinct states found (4,789,028 ds/min), 18,920,588 states left on queue.
Progress(35) at 2026-09-04 14:56:00: 590,543,550 states generated (24,710,272 s/min), 120,835,830 distinct states found (4,422,927 ds/min), 19,095,969 states left on queue.
Progress(35) at 2026-09-04 14:57:00: 615,859,305 states generated (25,315,755 s/min), 125,279,191 distinct states found (4,443,361 ds/min), 19,110,923 states left on queue.
Progress(35) at 2026-09-04 14:58:00: 641,834,522 states generated (25,975,217 s/min), 130,116,674 distinct states found (4,837,483 ds/min), 19,593,345 states left on queue.
Progress(36) at 2026-09-04 14:59:00: 666,991,849 states generated (25,157,327 s/min), 134,731,711 distinct states found (4,615,037 ds/min), 19,844,124 states left on queue.
Progress(36) at 2026-09-04 15:00:00: 690,722,491 states generated (23,730,642 s/min), 138,897,931 distinct states found (4,166,220 ds/min), 19,894,607 states left on queue.
Progress(36) at 2026-09-04 15:01:00: 716,357,311 states generated (25,634,820 s/min), 143,356,633 distinct states found (4,458,702 ds/min), 19,904,048 states left on queue.
Checkpointing of run states/26-09-04-14-31-54
Checkpointing completed at (2026-09-04 15:02:00)
Progress(36) at 2026-09-04 15:02:00: 742,168,532 states generated (25,811,221 s/min), 147,990,938 distinct states found (4,634,305 ds/min), 20,186,031 states left on queue.
Progress(36) at 2026-09-04 15:03:00: 767,499,893 states generated (25,331,361 s/min), 152,523,087 distinct states found (4,532,149 ds/min), 20,372,390 states left on queue.
Progress(37) at 2026-09-04 15:04:00: 793,539,498 states generated (26,039,605 s/min), 157,165,298 distinct states found (4,642,211 ds/min), 20,499,077 states left on queue.
Progress(37) at 2026-09-04 15:05:00: 818,009,217 states generated (24,469,719 s/min), 161,353,245 distinct states found (4,187,947 ds/min), 20,495,379 states left on queue.
Progress(37) at 2026-09-04 15:06:00: 843,318,502 states generated (25,309,285 s/min), 165,559,532 distinct states found (4,206,287 ds/min), 20,294,039 states left on queue.
Progress(37) at 2026-09-04 15:07:00: 869,762,128 states generated (26,443,626 s/min), 170,263,754 distinct states found (4,704,222 ds/min), 20,568,973 states left on queue.
Progress(37) at 2026-09-04 15:08:00: 895,140,081 states generated (25,377,953 s/min), 174,631,206 distinct states found (4,367,452 ds/min), 20,559,846 states left on queue.
Progress(38) at 2026-09-04 15:09:00: 921,136,458 states generated (25,996,377 s/min), 179,159,656 distinct states found (4,528,450 ds/min), 20,579,445 states left on queue.
Progress(38) at 2026-09-04 15:10:00: 945,030,963 states generated (23,894,505 s/min), 183,135,698 distinct states found (3,976,042 ds/min), 20,438,115 states left on queue.
Progress(38) at 2026-09-04 15:11:01: 970,742,638 states generated (25,711,675 s/min), 187,426,700 distinct states found (4,291,002 ds/min), 20,330,688 states left on queue.
Progress(38) at 2026-09-04 15:12:01: 996,865,083 states generated (26,122,445 s/min), 191,896,295 distinct states found (4,469,595 ds/min), 20,355,933 states left on queue.
Progress(39) at 2026-09-04 15:13:01: 1,022,425,108 states generated (25,560,025 s/min), 196,314,033 distinct states found (4,417,738 ds/min), 20,349,238 states left on queue.
Progress(39) at 2026-09-04 15:14:01: 1,048,785,415 states generated (26,360,307 s/min), 200,670,428 distinct states found (4,356,395 ds/min), 20,134,153 states left on queue.
Progress(39) at 2026-09-04 15:15:01: 1,074,212,838 states generated (25,427,423 s/min), 204,733,687 distinct states found (4,063,259 ds/min), 19,783,714 states left on queue.
Progress(39) at 2026-09-04 15:16:01: 1,098,817,398 states generated (24,604,560 s/min), 208,957,237 distinct states found (4,223,550 ds/min), 19,910,129 states left on queue.
Progress(39) at 2026-09-04 15:17:01: 1,124,242,558 states generated (25,425,160 s/min), 213,189,065 distinct states found (4,231,828 ds/min), 19,751,923 states left on queue.
Progress(40) at 2026-09-04 15:18:01: 1,150,214,012 states generated (25,971,454 s/min), 217,576,907 distinct states found (4,387,842 ds/min), 19,626,802 states left on queue.
Progress(40) at 2026-09-04 15:19:01: 1,176,347,780 states generated (26,133,768 s/min), 221,738,120 distinct states found (4,161,213 ds/min), 19,279,625 states left on queue.
Progress(40) at 2026-09-04 15:20:01: 1,201,968,007 states generated (25,620,227 s/min), 225,788,958 distinct states found (4,050,838 ds/min), 18,938,629 states left on queue.
Progress(40) at 2026-09-04 15:21:01: 1,228,342,835 states generated (26,374,828 s/min), 230,213,270 distinct states found (4,424,312 ds/min), 18,912,396 states left on queue.
Progress(41) at 2026-09-04 15:22:01: 1,253,846,825 states generated (25,503,990 s/min), 234,422,424 distinct states found (4,209,154 ds/min), 18,710,558 states left on queue.
Progress(41) at 2026-09-04 15:23:01: 1,278,003,392 states generated (24,156,567 s/min), 238,240,379 distinct states found (3,817,955 ds/min), 18,328,582 states left on queue.
Progress(41) at 2026-09-04 15:24:01: 1,303,581,229 states generated (25,577,837 s/min), 242,185,239 distinct states found (3,944,860 ds/min), 17,855,470 states left on queue.
Progress(41) at 2026-09-04 15:25:01: 1,330,070,697 states generated (26,489,468 s/min), 246,531,325 distinct states found (4,346,086 ds/min), 17,731,407 states left on queue.
Progress(41) at 2026-09-04 15:26:01: 1,355,590,339 states generated (25,519,642 s/min), 250,582,721 distinct states found (4,051,396 ds/min), 17,411,280 states left on queue.
Progress(42) at 2026-09-04 15:27:01: 1,381,722,018 states generated (26,131,679 s/min), 254,738,476 distinct states found (4,155,755 ds/min), 17,009,380 states left on queue.
Progress(42) at 2026-09-04 15:28:01: 1,407,447,433 states generated (25,725,415 s/min), 258,629,602 distinct states found (3,891,126 ds/min), 16,436,002 states left on queue.
Progress(42) at 2026-09-04 15:29:01: 1,433,968,545 states generated (26,521,112 s/min), 262,896,704 distinct states found (4,267,102 ds/min), 16,227,798 states left on queue.
Progress(43) at 2026-09-04 15:30:01: 1,459,311,403 states generated (25,342,858 s/min), 266,859,988 distinct states found (3,963,284 ds/min), 15,817,850 states left on queue.
Progress(43) at 2026-09-04 15:31:01: 1,485,671,648 states generated (26,360,245 s/min), 270,968,159 distinct states found (4,108,171 ds/min), 15,320,324 states left on queue.
Checkpointing of run states/26-09-04-14-31-54
Checkpointing completed at (2026-09-04 15:32:04)
Progress(43) at 2026-09-04 15:32:04: 1,510,629,400 states generated (24,957,752 s/min), 274,675,293 distinct states found (3,707,134 ds/min), 14,743,850 states left on queue.
Progress(43) at 2026-09-04 15:33:04: 1,536,818,736 states generated (26,189,336 s/min), 278,780,586 distinct states found (4,105,293 ds/min), 14,404,098 states left on queue.
Progress(44) at 2026-09-04 15:34:04: 1,562,611,594 states generated (25,792,858 s/min), 282,795,373 distinct states found (4,014,787 ds/min), 13,918,518 states left on queue.
Progress(44) at 2026-09-04 15:35:04: 1,588,520,299 states generated (25,908,705 s/min), 286,546,772 distinct states found (3,751,399 ds/min), 13,167,574 states left on queue.
Progress(44) at 2026-09-04 15:36:04: 1,614,953,210 states generated (26,432,911 s/min), 290,626,892 distinct states found (4,080,120 ds/min), 12,785,064 states left on queue.
Progress(45) at 2026-09-04 15:37:04: 1,640,398,727 states generated (25,445,517 s/min), 294,481,364 distinct states found (3,854,472 ds/min), 12,220,544 states left on queue.
Progress(45) at 2026-09-04 15:38:04: 1,666,235,283 states generated (25,836,556 s/min), 298,161,278 distinct states found (3,679,914 ds/min), 11,372,661 states left on queue.
Progress(45) at 2026-09-04 15:39:04: 1,692,569,628 states generated (26,334,345 s/min), 302,098,719 distinct states found (3,937,441 ds/min), 10,859,445 states left on queue.
Progress(46) at 2026-09-04 15:40:04: 1,718,202,058 states generated (25,632,430 s/min), 305,832,845 distinct states found (3,734,126 ds/min), 10,119,669 states left on queue.
Progress(46) at 2026-09-04 15:41:04: 1,744,127,892 states generated (25,925,834 s/min), 309,588,099 distinct states found (3,755,254 ds/min), 9,422,130 states left on queue.
Progress(47) at 2026-09-04 15:42:04: 1,769,735,675 states generated (25,607,783 s/min), 313,323,051 distinct states found (3,734,952 ds/min), 8,710,046 states left on queue.
Progress(47) at 2026-09-04 15:43:10: 1,793,792,960 states generated (24,057,285 s/min), 316,697,663 distinct states found (3,374,612 ds/min), 7,897,869 states left on queue.
Progress(48) at 2026-09-04 15:44:10: 1,819,745,383 states generated (25,952,423 s/min), 320,411,225 distinct states found (3,713,562 ds/min), 7,138,001 states left on queue.
Progress(48) at 2026-09-04 15:45:10: 1,845,768,005 states generated (26,022,622 s/min), 324,002,165 distinct states found (3,590,940 ds/min), 6,222,694 states left on queue.
Progress(49) at 2026-09-04 15:46:10: 1,871,295,435 states generated (25,527,430 s/min), 327,476,725 distinct states found (3,474,560 ds/min), 5,206,770 states left on queue.
Progress(49) at 2026-09-04 15:47:10: 1,896,997,636 states generated (25,702,201 s/min), 330,938,253 distinct states found (3,461,528 ds/min), 4,221,362 states left on queue.
Progress(50) at 2026-09-04 15:48:10: 1,922,673,398 states generated (25,675,762 s/min), 334,358,947 distinct states found (3,420,694 ds/min), 3,155,222 states left on queue.
Progress(52) at 2026-09-04 15:49:10: 1,948,146,098 states generated (25,472,700 s/min), 337,595,478 distinct states found (3,236,531 ds/min), 1,952,286 states left on queue.
Progress(54) at 2026-09-04 15:50:10: 1,973,185,643 states generated (25,039,545 s/min), 340,614,171 distinct states found (3,018,693 ds/min), 550,951 states left on queue.
Model checking completed. No error has been found.
  Estimates of the probability that TLC did not check all reachable states
  because two distinct states had the same fingerprint:
  calculated (optimistic):  val = .030
  based on the actual fingerprints:  val = .01
1980558888 states generated, 341389893 distinct states found, 0 states left on queue.
The depth of the complete state graph search is 64.
The average outdegree of the complete state graph is 1 (minimum is 0, the maximum 8 and the 95th percentile is 3).
Finished in 01h 19min at (2026-09-04 15:51:00)
