TLC2 Version 2.19 of 08 August 2024 (rev: 5a47802)
Warning: Please run the Java VM which executes TLC with a throughput optimized garbage collector by passing the "-XX:+UseParallelGC" property.
(Use the -nowarning option to disable this warning.)
Running breadth-first search Model-Checking with fp 18 and seed 2028465828989167497 with 80 workers on 80 cores with 81920MB heap and 64MB offheap memory [pid: 165124] (Linux 5.15.0-177-generic amd64, Ubuntu 11.0.31 x86_64, MSBDiskFPSet, DiskStateQueue).
Parsing file /home/yin/TLA/sc.tla
Parsing file /tmp/Naturals.tla
Parsing file /tmp/Sequences.tla
Parsing file /tmp/TLC.tla
Parsing file /tmp/FiniteSets.tla
Semantic processing of module Naturals
Semantic processing of module Sequences
Semantic processing of module FiniteSets
Semantic processing of module TLC
Semantic processing of module sc
Starting... (2026-06-20 01:39:27)
Computing initial states...
Finished computing initial states: 1 distinct state generated at 2026-06-20 01:39:28.
Progress(18) at 2026-06-20 01:39:31: 573,324 states generated (573,324 s/min), 189,594 distinct states found (189,594 ds/min), 100,379 states left on queue.
Progress(24) at 2026-06-20 01:40:31: 27,628,033 states generated (27,054,709 s/min), 7,380,592 distinct states found (7,190,998 ds/min), 2,769,697 states left on queue.
Progress(26) at 2026-06-20 01:41:31: 54,728,465 states generated (27,100,432 s/min), 13,903,897 distinct states found (6,523,305 ds/min), 4,673,384 states left on queue.
Progress(27) at 2026-06-20 01:42:31: 81,687,044 states generated (26,958,579 s/min), 20,138,538 distinct states found (6,234,641 ds/min), 6,290,469 states left on queue.
Progress(27) at 2026-06-20 01:43:31: 108,791,243 states generated (27,104,199 s/min), 26,247,365 distinct states found (6,108,827 ds/min), 7,757,349 states left on queue.
Progress(28) at 2026-06-20 01:44:31: 135,912,277 states generated (27,121,034 s/min), 32,163,889 distinct states found (5,916,524 ds/min), 8,953,622 states left on queue.
Progress(29) at 2026-06-20 01:45:31: 163,194,735 states generated (27,282,458 s/min), 37,978,361 distinct states found (5,814,472 ds/min), 10,087,986 states left on queue.
Progress(29) at 2026-06-20 01:46:31: 190,277,783 states generated (27,083,048 s/min), 43,690,526 distinct states found (5,712,165 ds/min), 11,056,453 states left on queue.
Progress(30) at 2026-06-20 01:47:31: 217,652,787 states generated (27,375,004 s/min), 49,363,109 distinct states found (5,672,583 ds/min), 12,088,593 states left on queue.
Progress(30) at 2026-06-20 01:48:31: 244,816,763 states generated (27,163,976 s/min), 54,900,244 distinct states found (5,537,135 ds/min), 12,868,197 states left on queue.
Progress(30) at 2026-06-20 01:49:31: 272,333,177 states generated (27,516,414 s/min), 60,465,993 distinct states found (5,565,749 ds/min), 13,709,824 states left on queue.
Progress(31) at 2026-06-20 01:50:31: 299,761,019 states generated (27,427,842 s/min), 65,895,247 distinct states found (5,429,254 ds/min), 14,435,371 states left on queue.
Progress(31) at 2026-06-20 01:51:31: 326,817,184 states generated (27,056,165 s/min), 71,291,727 distinct states found (5,396,480 ds/min), 15,085,534 states left on queue.
Progress(31) at 2026-06-20 01:52:31: 354,562,140 states generated (27,744,956 s/min), 76,663,217 distinct states found (5,371,490 ds/min), 15,713,593 states left on queue.
Progress(32) at 2026-06-20 01:53:31: 382,145,272 states generated (27,583,132 s/min), 81,980,024 distinct states found (5,316,807 ds/min), 16,297,536 states left on queue.
Progress(32) at 2026-06-20 01:54:31: 409,254,119 states generated (27,108,847 s/min), 87,243,920 distinct states found (5,263,896 ds/min), 16,809,045 states left on queue.
Progress(32) at 2026-06-20 01:55:31: 437,098,469 states generated (27,844,350 s/min), 92,476,895 distinct states found (5,232,975 ds/min), 17,261,669 states left on queue.
Progress(33) at 2026-06-20 01:56:31: 464,585,750 states generated (27,487,281 s/min), 97,761,097 distinct states found (5,284,202 ds/min), 17,886,845 states left on queue.
Progress(33) at 2026-06-20 01:57:31: 492,096,455 states generated (27,510,705 s/min), 102,863,192 distinct states found (5,102,095 ds/min), 18,210,481 states left on queue.
Progress(33) at 2026-06-20 01:58:31: 517,981,452 states generated (25,884,997 s/min), 107,673,714 distinct states found (4,810,522 ds/min), 18,438,490 states left on queue.
Progress(33) at 2026-06-20 01:59:31: 545,901,647 states generated (27,920,195 s/min), 112,832,688 distinct states found (5,158,974 ds/min), 18,860,818 states left on queue.
Progress(34) at 2026-06-20 02:00:31: 573,541,923 states generated (27,640,276 s/min), 117,996,479 distinct states found (5,163,791 ds/min), 19,326,147 states left on queue.
Progress(34) at 2026-06-20 02:01:31: 600,851,254 states generated (27,309,331 s/min), 122,911,280 distinct states found (4,914,801 ds/min), 19,512,555 states left on queue.
Progress(34) at 2026-06-20 02:02:31: 628,377,500 states generated (27,526,246 s/min), 127,907,314 distinct states found (4,996,034 ds/min), 19,679,647 states left on queue.
Progress(34) at 2026-06-20 02:03:31: 653,530,297 states generated (25,152,797 s/min), 132,439,095 distinct states found (4,531,781 ds/min), 19,937,300 states left on queue.
Progress(35) at 2026-06-20 02:04:31: 678,635,626 states generated (25,105,329 s/min), 137,083,981 distinct states found (4,644,886 ds/min), 20,353,061 states left on queue.
Progress(35) at 2026-06-20 02:05:31: 703,680,013 states generated (25,044,387 s/min), 141,452,680 distinct states found (4,368,699 ds/min), 20,376,821 states left on queue.
Progress(35) at 2026-06-20 02:06:31: 728,517,983 states generated (24,837,970 s/min), 145,936,811 distinct states found (4,484,131 ds/min), 20,499,617 states left on queue.
Progress(35) at 2026-06-20 02:07:31: 754,252,639 states generated (25,734,656 s/min), 150,409,666 distinct states found (4,472,855 ds/min), 20,579,916 states left on queue.
Progress(35) at 2026-06-20 02:08:31: 779,410,489 states generated (25,157,850 s/min), 154,778,420 distinct states found (4,368,754 ds/min), 20,626,160 states left on queue.
Checkpointing of run states/26-06-20-01-39-27
Checkpointing completed at (2026-06-20 02:09:31)
Progress(36) at 2026-06-20 02:09:31: 804,332,342 states generated (24,921,853 s/min), 159,295,677 distinct states found (4,517,257 ds/min), 20,928,969 states left on queue.
Progress(36) at 2026-06-20 02:10:31: 828,929,450 states generated (24,597,108 s/min), 163,526,750 distinct states found (4,231,073 ds/min), 20,936,242 states left on queue.
Progress(36) at 2026-06-20 02:11:31: 853,522,879 states generated (24,593,429 s/min), 167,776,958 distinct states found (4,250,208 ds/min), 20,840,603 states left on queue.
Progress(36) at 2026-06-20 02:12:31: 878,891,280 states generated (25,368,401 s/min), 172,072,810 distinct states found (4,295,852 ds/min), 20,828,191 states left on queue.
Progress(36) at 2026-06-20 02:13:31: 903,583,003 states generated (24,691,723 s/min), 176,315,746 distinct states found (4,242,936 ds/min), 20,862,875 states left on queue.
Progress(37) at 2026-06-20 02:14:31: 928,419,800 states generated (24,836,797 s/min), 180,713,850 distinct states found (4,398,104 ds/min), 21,027,893 states left on queue.
Progress(37) at 2026-06-20 02:15:31: 952,825,818 states generated (24,406,018 s/min), 184,787,466 distinct states found (4,073,616 ds/min), 20,887,047 states left on queue.
Progress(37) at 2026-06-20 02:16:31: 977,417,525 states generated (24,591,707 s/min), 188,938,593 distinct states found (4,151,127 ds/min), 20,720,327 states left on queue.
Progress(37) at 2026-06-20 02:17:31: 1,002,369,280 states generated (24,951,755 s/min), 193,093,244 distinct states found (4,154,651 ds/min), 20,627,916 states left on queue.
Progress(37) at 2026-06-20 02:18:31: 1,026,731,175 states generated (24,361,895 s/min), 197,230,945 distinct states found (4,137,701 ds/min), 20,638,647 states left on queue.
Progress(38) at 2026-06-20 02:19:31: 1,051,239,225 states generated (24,508,050 s/min), 201,460,430 distinct states found (4,229,485 ds/min), 20,670,688 states left on queue.
Progress(38) at 2026-06-20 02:20:31: 1,075,441,511 states generated (24,202,286 s/min), 205,406,055 distinct states found (3,945,625 ds/min), 20,433,959 states left on queue.
Progress(38) at 2026-06-20 02:21:31: 1,099,637,397 states generated (24,195,886 s/min), 209,389,053 distinct states found (3,982,998 ds/min), 20,184,757 states left on queue.
Progress(38) at 2026-06-20 02:22:31: 1,124,554,014 states generated (24,916,617 s/min), 213,460,193 distinct states found (4,071,140 ds/min), 19,992,551 states left on queue.
Progress(38) at 2026-06-20 02:23:31: 1,149,132,855 states generated (24,578,841 s/min), 217,568,192 distinct states found (4,107,999 ds/min), 19,977,025 states left on queue.
Progress(39) at 2026-06-20 02:24:31: 1,173,500,913 states generated (24,368,058 s/min), 221,657,247 distinct states found (4,089,055 ds/min), 19,843,694 states left on queue.
Progress(39) at 2026-06-20 02:25:31: 1,197,283,291 states generated (23,782,378 s/min), 225,476,329 distinct states found (3,819,082 ds/min), 19,556,574 states left on queue.
Progress(39) at 2026-06-20 02:26:31: 1,221,880,170 states generated (24,596,879 s/min), 229,415,760 distinct states found (3,939,431 ds/min), 19,230,318 states left on queue.
Progress(39) at 2026-06-20 02:27:31: 1,246,238,468 states generated (24,358,298 s/min), 233,329,531 distinct states found (3,913,771 ds/min), 18,971,624 states left on queue.
Progress(39) at 2026-06-20 02:28:31: 1,270,268,513 states generated (24,030,045 s/min), 237,297,504 distinct states found (3,967,973 ds/min), 18,887,742 states left on queue.
Progress(40) at 2026-06-20 02:29:31: 1,294,342,309 states generated (24,073,796 s/min), 241,169,483 distinct states found (3,871,979 ds/min), 18,597,368 states left on queue.
Progress(40) at 2026-06-20 02:30:31: 1,317,942,743 states generated (23,600,434 s/min), 244,900,746 distinct states found (3,731,263 ds/min), 18,204,252 states left on queue.
Progress(40) at 2026-06-20 02:31:31: 1,342,623,071 states generated (24,680,328 s/min), 248,795,927 distinct states found (3,895,181 ds/min), 17,864,888 states left on queue.
Progress(40) at 2026-06-20 02:32:31: 1,366,596,946 states generated (23,973,875 s/min), 252,509,398 distinct states found (3,713,471 ds/min), 17,457,830 states left on queue.
Progress(41) at 2026-06-20 02:33:32: 1,390,673,924 states generated (24,076,978 s/min), 256,520,647 distinct states found (4,011,249 ds/min), 17,365,934 states left on queue.
Progress(41) at 2026-06-20 02:34:32: 1,414,493,226 states generated (23,819,302 s/min), 260,138,690 distinct states found (3,618,043 ds/min), 16,870,530 states left on queue.
Progress(41) at 2026-06-20 02:35:32: 1,438,370,485 states generated (23,877,259 s/min), 263,816,789 distinct states found (3,678,099 ds/min), 16,398,801 states left on queue.
Progress(41) at 2026-06-20 02:36:32: 1,462,285,803 states generated (23,915,318 s/min), 267,498,126 distinct states found (3,681,337 ds/min), 15,976,233 states left on queue.
Progress(42) at 2026-06-20 02:37:32: 1,485,956,205 states generated (23,670,402 s/min), 271,306,943 distinct states found (3,808,817 ds/min), 15,764,262 states left on queue.
Progress(42) at 2026-06-20 02:38:32: 1,509,753,349 states generated (23,797,144 s/min), 274,924,755 distinct states found (3,617,812 ds/min), 15,275,110 states left on queue.
Checkpointing of run states/26-06-20-01-39-27
Checkpointing completed at (2026-06-20 02:39:34)
Progress(42) at 2026-06-20 02:39:34: 1,534,663,754 states generated (24,910,405 s/min), 278,689,003 distinct states found (3,764,248 ds/min), 14,699,210 states left on queue.
Progress(42) at 2026-06-20 02:40:34: 1,558,548,416 states generated (23,884,662 s/min), 282,252,506 distinct states found (3,563,503 ds/min), 14,145,570 states left on queue.
Progress(43) at 2026-06-20 02:41:34: 1,582,003,736 states generated (23,455,320 s/min), 285,957,343 distinct states found (3,704,837 ds/min), 13,841,056 states left on queue.
Progress(43) at 2026-06-20 02:42:34: 1,605,462,318 states generated (23,458,582 s/min), 289,379,994 distinct states found (3,422,651 ds/min), 13,205,336 states left on queue.
Progress(43) at 2026-06-20 02:43:35: 1,629,503,168 states generated (24,040,850 s/min), 292,937,373 distinct states found (3,557,379 ds/min), 12,616,346 states left on queue.
Progress(43) at 2026-06-20 02:44:35: 1,653,100,377 states generated (23,597,209 s/min), 296,468,632 distinct states found (3,531,259 ds/min), 12,122,946 states left on queue.
Progress(44) at 2026-06-20 02:45:35: 1,676,474,593 states generated (23,374,216 s/min), 299,939,832 distinct states found (3,471,200 ds/min), 11,517,880 states left on queue.
Progress(44) at 2026-06-20 02:46:35: 1,700,060,080 states generated (23,585,487 s/min), 303,350,822 distinct states found (3,410,990 ds/min), 10,829,089 states left on queue.
Progress(44) at 2026-06-20 02:47:35: 1,723,649,654 states generated (23,589,574 s/min), 306,825,216 distinct states found (3,474,394 ds/min), 10,279,747 states left on queue.
Progress(45) at 2026-06-20 02:48:35: 1,746,739,348 states generated (23,089,694 s/min), 310,136,400 distinct states found (3,311,184 ds/min), 9,554,760 states left on queue.
Progress(45) at 2026-06-20 02:49:35: 1,770,507,012 states generated (23,767,664 s/min), 313,520,176 distinct states found (3,383,776 ds/min), 8,802,056 states left on queue.
Progress(46) at 2026-06-20 02:50:35: 1,793,736,759 states generated (23,229,747 s/min), 316,856,211 distinct states found (3,336,035 ds/min), 8,126,837 states left on queue.
Progress(46) at 2026-06-20 02:51:35: 1,817,785,856 states generated (24,049,097 s/min), 320,207,583 distinct states found (3,351,372 ds/min), 7,295,387 states left on queue.
Progress(47) at 2026-06-20 02:52:35: 1,841,717,365 states generated (23,931,509 s/min), 323,536,017 distinct states found (3,328,434 ds/min), 6,476,684 states left on queue.
Progress(47) at 2026-06-20 02:53:35: 1,865,702,606 states generated (23,985,241 s/min), 326,801,861 distinct states found (3,265,844 ds/min), 5,569,715 states left on queue.
Progress(48) at 2026-06-20 02:54:35: 1,889,564,517 states generated (23,861,911 s/min), 330,046,556 distinct states found (3,244,695 ds/min), 4,647,802 states left on queue.
Progress(49) at 2026-06-20 02:55:35: 1,913,483,393 states generated (23,918,876 s/min), 333,197,068 distinct states found (3,150,512 ds/min), 3,637,269 states left on queue.
Progress(50) at 2026-06-20 02:56:35: 1,937,452,807 states generated (23,969,414 s/min), 336,285,741 distinct states found (3,088,673 ds/min), 2,524,507 states left on queue.
Progress(52) at 2026-06-20 02:57:35: 1,961,155,036 states generated (23,702,229 s/min), 339,217,633 distinct states found (2,931,892 ds/min), 1,284,207 states left on queue.
Model checking completed. No error has been found.
  Estimates of the probability that TLC did not check all reachable states
  because two distinct states had the same fingerprint:
  calculated (optimistic):  val = .030
  based on the actual fingerprints:  val = .014
1980558888 states generated, 341389893 distinct states found, 0 states left on queue.
The depth of the complete state graph search is 64.
The average outdegree of the complete state graph is 1 (minimum is 0, the maximum 8 and the 95th percentile is 3).
Finished in 01h 19min at (2026-06-20 02:59:05)
