TLC2 Version 2.19 of 08 August 2024 (rev: 5a47802)
Running breadth-first search Model-Checking with fp 59 and seed -6051982015143452646 with 80 workers on 80 cores with 72818MB heap and 64MB offheap memory [pid: 256973] (Linux 5.15.0-177-generic amd64, Ubuntu 11.0.31 x86_64, MSBDiskFPSet, DiskStateQueue).
Parsing file /home/yin/TLA/sc.tla
Parsing file /tmp/Naturals.tla
Parsing file /tmp/Sequences.tla
Parsing file /tmp/TLC.tla
Parsing file /tmp/FiniteSets.tla
Semantic processing of module Naturals
Semantic processing of module Sequences
Semantic processing of module FiniteSets
Semantic processing of module TLC
Semantic processing of module sc
Starting... (2026-07-16 01:12:40)
Computing initial states...
Finished computing initial states: 1 distinct state generated at 2026-07-16 01:12:41.
Progress(18) at 2026-07-16 01:12:44: 309,564 states generated (309,564 s/min), 105,053 distinct states found (105,053 ds/min), 60,276 states left on queue.
Progress(25) at 2026-07-16 01:13:44: 23,205,989 states generated (22,896,425 s/min), 6,286,534 distinct states found (6,181,481 ds/min), 2,418,152 states left on queue.
Progress(26) at 2026-07-16 01:14:44: 46,455,447 states generated (23,249,458 s/min), 12,015,408 distinct states found (5,728,874 ds/min), 4,173,538 states left on queue.
Progress(27) at 2026-07-16 01:15:44: 71,275,924 states generated (24,820,477 s/min), 17,832,309 distinct states found (5,816,901 ds/min), 5,733,319 states left on queue.
Progress(28) at 2026-07-16 01:16:44: 95,540,688 states generated (24,264,764 s/min), 23,320,307 distinct states found (5,487,998 ds/min), 7,101,576 states left on queue.
Progress(28) at 2026-07-16 01:17:44: 119,670,324 states generated (24,129,636 s/min), 28,620,197 distinct states found (5,299,890 ds/min), 8,217,179 states left on queue.
Progress(29) at 2026-07-16 01:18:44: 143,538,714 states generated (23,868,390 s/min), 33,869,699 distinct states found (5,249,502 ds/min), 9,316,443 states left on queue.
Progress(29) at 2026-07-16 01:19:44: 168,716,409 states generated (25,177,695 s/min), 39,160,108 distinct states found (5,290,409 ds/min), 10,289,143 states left on queue.
Progress(30) at 2026-07-16 01:20:44: 192,477,000 states generated (23,760,591 s/min), 44,198,894 distinct states found (5,038,786 ds/min), 11,196,820 states left on queue.
Progress(30) at 2026-07-16 01:21:44: 217,663,284 states generated (25,186,284 s/min), 49,411,059 distinct states found (5,212,165 ds/min), 12,124,336 states left on queue.
Progress(31) at 2026-07-16 01:22:44: 241,811,458 states generated (24,148,174 s/min), 54,270,712 distinct states found (4,859,653 ds/min), 12,812,286 states left on queue.
Progress(31) at 2026-07-16 01:23:44: 266,601,475 states generated (24,790,017 s/min), 59,354,119 distinct states found (5,083,407 ds/min), 13,490,340 states left on queue.
Progress(31) at 2026-07-16 01:24:44: 291,082,318 states generated (24,480,843 s/min), 64,231,698 distinct states found (4,877,579 ds/min), 14,244,959 states left on queue.
Progress(32) at 2026-07-16 01:25:44: 316,486,054 states generated (25,403,736 s/min), 69,212,598 distinct states found (4,980,900 ds/min), 14,879,874 states left on queue.
Progress(32) at 2026-07-16 01:26:44: 339,997,615 states generated (23,511,561 s/min), 73,868,503 distinct states found (4,655,905 ds/min), 15,361,979 states left on queue.
Progress(32) at 2026-07-16 01:27:44: 365,614,118 states generated (25,616,503 s/min), 78,914,718 distinct states found (5,046,215 ds/min), 16,081,797 states left on queue.
Progress(33) at 2026-07-16 01:28:47: 390,628,195 states generated (25,014,077 s/min), 83,657,657 distinct states found (4,742,939 ds/min), 16,487,635 states left on queue.
Progress(33) at 2026-07-16 01:29:47: 416,143,624 states generated (25,515,429 s/min), 88,498,557 distinct states found (4,840,900 ds/min), 16,950,326 states left on queue.
Progress(33) at 2026-07-16 01:30:47: 441,344,114 states generated (25,200,490 s/min), 93,340,060 distinct states found (4,841,503 ds/min), 17,281,191 states left on queue.
Progress(33) at 2026-07-16 01:31:47: 465,765,572 states generated (24,421,458 s/min), 98,018,701 distinct states found (4,678,641 ds/min), 17,887,868 states left on queue.
Progress(34) at 2026-07-16 01:32:47: 491,272,302 states generated (25,506,730 s/min), 102,713,864 distinct states found (4,695,163 ds/min), 18,200,408 states left on queue.
Progress(34) at 2026-07-16 01:33:47: 516,509,427 states generated (25,237,125 s/min), 107,400,744 distinct states found (4,686,880 ds/min), 18,507,355 states left on queue.
Progress(34) at 2026-07-16 01:34:47: 540,784,789 states generated (24,275,362 s/min), 111,922,788 distinct states found (4,522,044 ds/min), 18,700,177 states left on queue.
Progress(34) at 2026-07-16 01:35:47: 566,800,003 states generated (26,015,214 s/min), 116,838,777 distinct states found (4,915,989 ds/min), 19,315,570 states left on queue.
Progress(35) at 2026-07-16 01:36:47: 592,276,760 states generated (25,476,757 s/min), 121,412,772 distinct states found (4,573,995 ds/min), 19,480,501 states left on queue.
Progress(35) at 2026-07-16 01:37:47: 617,897,350 states generated (25,620,590 s/min), 125,959,911 distinct states found (4,547,139 ds/min), 19,653,750 states left on queue.
Progress(35) at 2026-07-16 01:38:47: 641,773,219 states generated (23,875,869 s/min), 130,330,126 distinct states found (4,370,215 ds/min), 19,746,291 states left on queue.
Progress(35) at 2026-07-16 01:39:47: 667,987,904 states generated (26,214,685 s/min), 135,187,713 distinct states found (4,857,587 ds/min), 20,200,466 states left on queue.
Progress(35) at 2026-07-16 01:40:47: 693,771,757 states generated (25,783,853 s/min), 139,741,908 distinct states found (4,554,195 ds/min), 20,340,865 states left on queue.
Progress(36) at 2026-07-16 01:41:47: 719,645,270 states generated (25,873,513 s/min), 144,304,055 distinct states found (4,562,147 ds/min), 20,525,975 states left on queue.
Checkpointing of run states/26-07-16-01-12-39
Checkpointing completed at (2026-07-16 01:42:47)
Progress(36) at 2026-07-16 01:42:47: 743,291,411 states generated (23,646,141 s/min), 148,477,197 distinct states found (4,173,142 ds/min), 20,505,005 states left on queue.
Progress(36) at 2026-07-16 01:43:47: 769,060,934 states generated (25,769,523 s/min), 153,053,267 distinct states found (4,576,070 ds/min), 20,572,226 states left on queue.
Progress(36) at 2026-07-16 01:44:47: 795,238,614 states generated (26,177,680 s/min), 157,819,657 distinct states found (4,766,390 ds/min), 21,002,395 states left on queue.
Progress(37) at 2026-07-16 01:45:47: 820,834,184 states generated (25,595,570 s/min), 162,113,815 distinct states found (4,294,158 ds/min), 20,890,723 states left on queue.
Progress(37) at 2026-07-16 01:46:47: 844,569,643 states generated (23,735,459 s/min), 166,218,977 distinct states found (4,105,162 ds/min), 20,958,134 states left on queue.
Progress(37) at 2026-07-16 01:47:47: 869,793,488 states generated (25,223,845 s/min), 170,519,139 distinct states found (4,300,162 ds/min), 20,802,975 states left on queue.
Progress(37) at 2026-07-16 01:48:47: 895,958,454 states generated (26,164,966 s/min), 175,103,752 distinct states found (4,584,613 ds/min), 20,862,476 states left on queue.
Progress(37) at 2026-07-16 01:49:47: 921,995,023 states generated (26,036,569 s/min), 179,703,101 distinct states found (4,599,349 ds/min), 21,079,078 states left on queue.
Progress(38) at 2026-07-16 01:50:47: 947,548,511 states generated (25,553,488 s/min), 183,937,221 distinct states found (4,234,120 ds/min), 20,924,080 states left on queue.
Progress(38) at 2026-07-16 01:51:47: 971,336,155 states generated (23,787,644 s/min), 187,848,051 distinct states found (3,910,830 ds/min), 20,786,423 states left on queue.
Progress(38) at 2026-07-16 01:52:47: 996,828,730 states generated (25,492,575 s/min), 192,148,087 distinct states found (4,300,036 ds/min), 20,575,103 states left on queue.
Progress(38) at 2026-07-16 01:53:47: 1,023,102,009 states generated (26,273,279 s/min), 196,747,153 distinct states found (4,599,066 ds/min), 20,667,148 states left on queue.
Progress(38) at 2026-07-16 01:54:47: 1,048,985,331 states generated (25,883,322 s/min), 201,132,213 distinct states found (4,385,060 ds/min), 20,688,362 states left on queue.
Progress(39) at 2026-07-16 01:55:47: 1,074,884,271 states generated (25,898,940 s/min), 205,336,730 distinct states found (4,204,517 ds/min), 20,476,031 states left on queue.
Progress(39) at 2026-07-16 01:56:47: 1,100,083,715 states generated (25,199,444 s/min), 209,442,425 distinct states found (4,105,695 ds/min), 20,208,021 states left on queue.
Progress(39) at 2026-07-16 01:57:47: 1,124,242,798 states generated (24,159,083 s/min), 213,454,192 distinct states found (4,011,767 ds/min), 19,961,001 states left on queue.
Progress(39) at 2026-07-16 01:58:47: 1,150,490,136 states generated (26,247,338 s/min), 217,917,393 distinct states found (4,463,201 ds/min), 19,994,378 states left on queue.
Progress(39) at 2026-07-16 01:59:47: 1,176,181,209 states generated (25,691,073 s/min), 222,089,081 distinct states found (4,171,688 ds/min), 19,788,876 states left on queue.
Progress(40) at 2026-07-16 02:00:47: 1,201,989,772 states generated (25,808,563 s/min), 226,239,516 distinct states found (4,150,435 ds/min), 19,557,780 states left on queue.
Progress(40) at 2026-07-16 02:01:47: 1,227,289,178 states generated (25,299,406 s/min), 230,257,066 distinct states found (4,017,550 ds/min), 19,152,350 states left on queue.
Progress(40) at 2026-07-16 02:02:47: 1,253,590,700 states generated (26,301,522 s/min), 234,598,298 distinct states found (4,341,232 ds/min), 18,914,079 states left on queue.
Progress(40) at 2026-07-16 02:03:47: 1,279,682,286 states generated (26,091,586 s/min), 238,952,764 distinct states found (4,354,466 ds/min), 18,848,410 states left on queue.
Progress(41) at 2026-07-16 02:04:47: 1,303,293,867 states generated (23,611,581 s/min), 242,597,628 distinct states found (3,644,864 ds/min), 18,437,685 states left on queue.
Progress(41) at 2026-07-16 02:05:47: 1,328,842,349 states generated (25,548,482 s/min), 246,574,070 distinct states found (3,976,442 ds/min), 18,038,267 states left on queue.
Progress(41) at 2026-07-16 02:06:47: 1,354,795,239 states generated (25,952,890 s/min), 250,721,357 distinct states found (4,147,287 ds/min), 17,602,705 states left on queue.
Progress(41) at 2026-07-16 02:07:47: 1,381,002,901 states generated (26,207,662 s/min), 255,018,650 distinct states found (4,297,293 ds/min), 17,493,243 states left on queue.
Progress(42) at 2026-07-16 02:08:47: 1,406,606,708 states generated (25,603,807 s/min), 258,932,724 distinct states found (3,914,074 ds/min), 17,009,178 states left on queue.
Progress(42) at 2026-07-16 02:09:47: 1,431,957,652 states generated (25,350,944 s/min), 262,797,405 distinct states found (3,864,681 ds/min), 16,516,318 states left on queue.
Progress(42) at 2026-07-16 02:10:47: 1,457,895,858 states generated (25,938,206 s/min), 266,867,787 distinct states found (4,070,382 ds/min), 16,018,568 states left on queue.
Progress(42) at 2026-07-16 02:11:47: 1,483,978,729 states generated (26,082,871 s/min), 271,056,310 distinct states found (4,188,523 ds/min), 15,822,047 states left on queue.
Checkpointing of run states/26-07-16-01-12-39
Checkpointing completed at (2026-07-16 02:12:50)
Progress(43) at 2026-07-16 02:12:50: 1,507,645,238 states generated (23,666,509 s/min), 274,602,997 distinct states found (3,546,687 ds/min), 15,271,925 states left on queue.
Progress(43) at 2026-07-16 02:13:50: 1,532,865,546 states generated (25,220,308 s/min), 278,309,279 distinct states found (3,706,282 ds/min), 14,639,699 states left on queue.
Progress(43) at 2026-07-16 02:14:50: 1,559,036,506 states generated (26,170,960 s/min), 282,407,460 distinct states found (4,098,181 ds/min), 14,170,853 states left on queue.
Progress(43) at 2026-07-16 02:15:50: 1,584,823,887 states generated (25,787,381 s/min), 286,396,564 distinct states found (3,989,104 ds/min), 13,757,937 states left on queue.
Progress(44) at 2026-07-16 02:16:50: 1,610,109,776 states generated (25,285,889 s/min), 290,026,486 distinct states found (3,629,922 ds/min), 13,064,783 states left on queue.
Progress(44) at 2026-07-16 02:17:50: 1,635,780,376 states generated (25,670,600 s/min), 293,912,377 distinct states found (3,885,891 ds/min), 12,433,077 states left on queue.
Progress(44) at 2026-07-16 02:18:50: 1,661,645,857 states generated (25,865,481 s/min), 297,839,094 distinct states found (3,926,717 ds/min), 11,947,187 states left on queue.
Progress(45) at 2026-07-16 02:19:50: 1,686,777,440 states generated (25,131,583 s/min), 301,349,705 distinct states found (3,510,611 ds/min), 11,140,670 states left on queue.
Progress(45) at 2026-07-16 02:20:50: 1,712,508,060 states generated (25,730,620 s/min), 305,188,530 distinct states found (3,838,825 ds/min), 10,468,914 states left on queue.
Progress(45) at 2026-07-16 02:21:50: 1,738,153,102 states generated (25,645,042 s/min), 308,923,782 distinct states found (3,735,252 ds/min), 9,823,178 states left on queue.
Progress(46) at 2026-07-16 02:22:50: 1,761,265,400 states generated (23,112,298 s/min), 312,147,717 distinct states found (3,223,935 ds/min), 9,041,400 states left on queue.
Progress(46) at 2026-07-16 02:23:50: 1,787,070,565 states generated (25,805,165 s/min), 315,962,356 distinct states found (3,814,639 ds/min), 8,388,406 states left on queue.
Progress(47) at 2026-07-16 02:24:50: 1,812,314,624 states generated (25,244,059 s/min), 319,403,334 distinct states found (3,440,978 ds/min), 7,461,404 states left on queue.
Progress(47) at 2026-07-16 02:25:50: 1,837,972,058 states generated (25,657,434 s/min), 323,059,398 distinct states found (3,656,064 ds/min), 6,638,008 states left on queue.
Progress(48) at 2026-07-16 02:26:50: 1,863,223,476 states generated (25,251,418 s/min), 326,474,876 distinct states found (3,415,478 ds/min), 5,643,865 states left on queue.
Progress(49) at 2026-07-16 02:27:50: 1,888,507,903 states generated (25,284,427 s/min), 329,849,927 distinct states found (3,375,051 ds/min), 4,651,814 states left on queue.
Progress(50) at 2026-07-16 02:28:50: 1,913,769,878 states generated (25,261,975 s/min), 333,190,554 distinct states found (3,340,627 ds/min), 3,580,725 states left on queue.
Progress(51) at 2026-07-16 02:29:50: 1,939,084,446 states generated (25,314,568 s/min), 336,487,513 distinct states found (3,296,959 ds/min), 2,429,571 states left on queue.
Progress(53) at 2026-07-16 02:30:50: 1,964,076,782 states generated (24,992,336 s/min), 339,555,102 distinct states found (3,067,589 ds/min), 1,100,980 states left on queue.
Model checking completed. No error has been found.
  Estimates of the probability that TLC did not check all reachable states
  because two distinct states had the same fingerprint:
  calculated (optimistic):  val = .030
  based on the actual fingerprints:  val = .0087
1980558888 states generated, 341389893 distinct states found, 0 states left on queue.
The depth of the complete state graph search is 64.
The average outdegree of the complete state graph is 1 (minimum is 0, the maximum 8 and the 95th percentile is 3).
Finished in 01h 19min at (2026-07-16 02:32:04)
