TLC2 Version 2.19 of 08 August 2024 (rev: 5a47802)
Running breadth-first search Model-Checking with fp 32 and seed 886631953189169373 with 80 workers on 80 cores with 27305MB heap and 153600MB offheap memory [pid: 96570] (Linux 5.15.0-187-generic amd64, Ubuntu 11.0.32 x86_64, OffHeapDiskFPSet, DiskStateQueue).
Parsing file /home/yin/TLA/sc.tla
Parsing file /tmp/Naturals.tla
Parsing file /tmp/Sequences.tla
Parsing file /tmp/TLC.tla
Parsing file /tmp/FiniteSets.tla
Semantic processing of module Naturals
Semantic processing of module Sequences
Semantic processing of module FiniteSets
Semantic processing of module TLC
Semantic processing of module sc
Starting... (2026-09-08 09:38:43)
Implied-temporal checking--satisfiability problem has 1 branches.
Computing initial states...
Finished computing initial states: 1 distinct state generated at 2026-09-08 09:38:50.
Progress(12) at 2026-09-08 09:38:54: 40,000 states generated (40,000 s/min), 17,552 distinct states found (17,552 ds/min), 10,679 states left on queue.
Progress(18) at 2026-09-08 09:39:54: 11,733,305 states generated (11,693,305 s/min), 3,746,774 distinct states found (3,729,222 ds/min), 1,914,104 states left on queue.
Progress(19) at 2026-09-08 09:40:54: 23,062,275 states generated (11,328,970 s/min), 7,131,894 distinct states found (3,385,120 ds/min), 3,491,738 states left on queue.
Progress(20) at 2026-09-08 09:41:54: 34,197,877 states generated (11,135,602 s/min), 10,368,651 distinct states found (3,236,757 ds/min), 4,937,725 states left on queue.
Progress(20) at 2026-09-08 09:42:54: 45,251,789 states generated (11,053,912 s/min), 13,539,187 distinct states found (3,170,536 ds/min), 6,323,338 states left on queue.
Progress(20) at 2026-09-08 09:43:54: 56,252,020 states generated (11,000,231 s/min), 16,614,362 distinct states found (3,075,175 ds/min), 7,605,825 states left on queue.
Progress(21) at 2026-09-08 09:44:54: 66,962,731 states generated (10,710,711 s/min), 19,626,698 distinct states found (3,012,336 ds/min), 8,867,379 states left on queue.
Progress(21) at 2026-09-08 09:45:54: 77,723,704 states generated (10,760,973 s/min), 22,617,708 distinct states found (2,991,010 ds/min), 10,087,822 states left on queue.
Progress(21) at 2026-09-08 09:46:54: 88,585,377 states generated (10,861,673 s/min), 25,575,468 distinct states found (2,957,760 ds/min), 11,269,803 states left on queue.
Progress(21) at 2026-09-08 09:47:54: 99,365,076 states generated (10,779,699 s/min), 28,436,038 distinct states found (2,860,570 ds/min), 12,346,466 states left on queue.
Progress(22) at 2026-09-08 09:48:54: 109,886,689 states generated (10,521,613 s/min), 31,339,301 distinct states found (2,903,263 ds/min), 13,509,174 states left on queue.
Progress(22) at 2026-09-08 09:49:54: 120,338,759 states generated (10,452,070 s/min), 34,168,645 distinct states found (2,829,344 ds/min), 14,606,804 states left on queue.
Progress(22) at 2026-09-08 09:50:54: 130,877,184 states generated (10,538,425 s/min), 37,024,708 distinct states found (2,856,063 ds/min), 15,717,331 states left on queue.
Progress(22) at 2026-09-08 09:51:54: 141,456,611 states generated (10,579,427 s/min), 39,858,836 distinct states found (2,834,128 ds/min), 16,772,956 states left on queue.
Progress(22) at 2026-09-08 09:52:54: 152,148,305 states generated (10,691,694 s/min), 42,690,059 distinct states found (2,831,223 ds/min), 17,834,649 states left on queue.
Progress(22) at 2026-09-08 09:53:54: 162,750,802 states generated (10,602,497 s/min), 45,299,142 distinct states found (2,609,083 ds/min), 18,653,579 states left on queue.
Progress(22) at 2026-09-08 09:54:54: 173,157,387 states generated (10,406,585 s/min), 48,054,299 distinct states found (2,755,157 ds/min), 19,671,430 states left on queue.
Progress(22) at 2026-09-08 09:55:54: 183,464,371 states generated (10,306,984 s/min), 50,792,704 distinct states found (2,738,405 ds/min), 20,685,802 states left on queue.
Progress(23) at 2026-09-08 09:56:54: 193,639,620 states generated (10,175,249 s/min), 53,503,594 distinct states found (2,710,890 ds/min), 21,686,946 states left on queue.
Progress(23) at 2026-09-08 09:57:54: 203,962,292 states generated (10,322,672 s/min), 56,144,005 distinct states found (2,640,411 ds/min), 22,619,285 states left on queue.
Progress(23) at 2026-09-08 09:58:54: 214,239,252 states generated (10,276,960 s/min), 58,813,468 distinct states found (2,669,463 ds/min), 23,549,565 states left on queue.
Progress(23) at 2026-09-08 09:59:54: 224,518,169 states generated (10,278,917 s/min), 61,514,060 distinct states found (2,700,592 ds/min), 24,539,224 states left on queue.
Progress(23) at 2026-09-08 10:00:54: 234,851,726 states generated (10,333,557 s/min), 64,155,021 distinct states found (2,640,961 ds/min), 25,436,397 states left on queue.
Progress(23) at 2026-09-08 10:01:54: 245,281,712 states generated (10,429,986 s/min), 66,871,397 distinct states found (2,716,376 ds/min), 26,382,839 states left on queue.
Progress(23) at 2026-09-08 10:02:54: 255,778,569 states generated (10,496,857 s/min), 69,588,072 distinct states found (2,716,675 ds/min), 27,357,482 states left on queue.
Progress(23) at 2026-09-08 10:03:54: 266,259,406 states generated (10,480,837 s/min), 72,156,381 distinct states found (2,568,309 ds/min), 28,118,515 states left on queue.
Progress(23) at 2026-09-08 10:04:54: 276,762,017 states generated (10,502,611 s/min), 74,657,301 distinct states found (2,500,920 ds/min), 28,862,782 states left on queue.
Progress(23) at 2026-09-08 10:05:54: 287,035,180 states generated (10,273,163 s/min), 77,307,619 distinct states found (2,650,318 ds/min), 29,776,184 states left on queue.
Progress(23) at 2026-09-08 10:06:54: 297,149,207 states generated (10,114,027 s/min), 79,916,469 distinct states found (2,608,850 ds/min), 30,691,089 states left on queue.
Progress(23) at 2026-09-08 10:07:54: 307,071,753 states generated (9,922,546 s/min), 82,416,953 distinct states found (2,500,484 ds/min), 31,511,573 states left on queue.
Checkpointing of run states/26-09-08-09-38-42
Checkpointing completed at (2026-09-08 10:08:54)
Progress(24) at 2026-09-08 10:08:54: 317,206,124 states generated (10,134,371 s/min), 85,002,486 distinct states found (2,585,533 ds/min), 32,375,831 states left on queue.
Progress(24) at 2026-09-08 10:09:54: 327,264,014 states generated (10,057,890 s/min), 87,587,615 distinct states found (2,585,129 ds/min), 33,263,111 states left on queue.
Progress(24) at 2026-09-08 10:10:54: 337,460,464 states generated (10,196,450 s/min), 90,054,911 distinct states found (2,467,296 ds/min), 34,035,448 states left on queue.
Progress(24) at 2026-09-08 10:11:54: 347,575,529 states generated (10,115,065 s/min), 92,608,989 distinct states found (2,554,078 ds/min), 34,847,697 states left on queue.
Progress(24) at 2026-09-08 10:12:54: 357,746,668 states generated (10,171,139 s/min), 95,133,914 distinct states found (2,524,925 ds/min), 35,627,866 states left on queue.
Progress(24) at 2026-09-08 10:13:54: 367,970,717 states generated (10,224,049 s/min), 97,677,540 distinct states found (2,543,626 ds/min), 36,485,749 states left on queue.
Progress(24) at 2026-09-08 10:14:54: 378,334,386 states generated (10,363,669 s/min), 100,277,669 distinct states found (2,600,129 ds/min), 37,345,915 states left on queue.
Progress(24) at 2026-09-08 10:15:54: 388,634,960 states generated (10,300,574 s/min), 102,826,257 distinct states found (2,548,588 ds/min), 38,091,859 states left on queue.
Progress(24) at 2026-09-08 10:16:54: 398,861,513 states generated (10,226,553 s/min), 105,415,632 distinct states found (2,589,375 ds/min), 38,977,969 states left on queue.
Progress(24) at 2026-09-08 10:17:54: 409,354,499 states generated (10,492,986 s/min), 107,992,456 distinct states found (2,576,824 ds/min), 39,777,993 states left on queue.
Progress(24) at 2026-09-08 10:18:54: 419,550,796 states generated (10,196,297 s/min), 110,550,027 distinct states found (2,557,571 ds/min), 40,611,085 states left on queue.
Progress(24) at 2026-09-08 10:19:54: 429,982,005 states generated (10,431,209 s/min), 112,991,479 distinct states found (2,441,452 ds/min), 41,272,500 states left on queue.
Progress(24) at 2026-09-08 10:20:54: 440,427,713 states generated (10,445,708 s/min), 115,371,682 distinct states found (2,380,203 ds/min), 41,884,840 states left on queue.
Progress(24) at 2026-09-08 10:21:54: 450,616,874 states generated (10,189,161 s/min), 117,834,805 distinct states found (2,463,123 ds/min), 42,611,401 states left on queue.
Progress(24) at 2026-09-08 10:22:54: 460,814,014 states generated (10,197,140 s/min), 120,343,114 distinct states found (2,508,309 ds/min), 43,400,922 states left on queue.
Progress(24) at 2026-09-08 10:23:54: 470,852,571 states generated (10,038,557 s/min), 122,783,297 distinct states found (2,440,183 ds/min), 44,119,248 states left on queue.
Progress(24) at 2026-09-08 10:24:54: 480,786,943 states generated (9,934,372 s/min), 125,298,761 distinct states found (2,515,464 ds/min), 44,976,705 states left on queue.
Progress(24) at 2026-09-08 10:25:54: 490,912,154 states generated (10,125,211 s/min), 127,726,961 distinct states found (2,428,200 ds/min), 45,662,304 states left on queue.
Progress(24) at 2026-09-08 10:26:54: 501,036,950 states generated (10,124,796 s/min), 130,268,412 distinct states found (2,541,451 ds/min), 46,517,093 states left on queue.
Progress(25) at 2026-09-08 10:27:54: 511,001,734 states generated (9,964,784 s/min), 132,661,103 distinct states found (2,392,691 ds/min), 47,176,635 states left on queue.
Progress(25) at 2026-09-08 10:28:54: 520,946,260 states generated (9,944,526 s/min), 135,143,644 distinct states found (2,482,541 ds/min), 47,987,292 states left on queue.
Progress(25) at 2026-09-08 10:29:54: 530,950,337 states generated (10,004,077 s/min), 137,522,831 distinct states found (2,379,187 ds/min), 48,643,410 states left on queue.
Progress(25) at 2026-09-08 10:30:54: 541,042,274 states generated (10,091,937 s/min), 139,872,125 distinct states found (2,349,294 ds/min), 49,308,267 states left on queue.
Progress(25) at 2026-09-08 10:31:54: 551,059,089 states generated (10,016,815 s/min), 142,293,621 distinct states found (2,421,496 ds/min), 50,022,177 states left on queue.
Progress(25) at 2026-09-08 10:32:54: 561,101,895 states generated (10,042,806 s/min), 144,669,184 distinct states found (2,375,563 ds/min), 50,654,542 states left on queue.
Progress(25) at 2026-09-08 10:33:54: 571,056,972 states generated (9,955,077 s/min), 147,095,658 distinct states found (2,426,474 ds/min), 51,390,505 states left on queue.
Progress(25) at 2026-09-08 10:34:54: 581,228,168 states generated (10,171,196 s/min), 149,500,492 distinct states found (2,404,834 ds/min), 52,075,597 states left on queue.
Progress(25) at 2026-09-08 10:35:54: 591,270,206 states generated (10,042,038 s/min), 151,992,688 distinct states found (2,492,196 ds/min), 52,887,396 states left on queue.
Progress(25) at 2026-09-08 10:36:54: 600,989,131 states generated (9,718,925 s/min), 154,284,689 distinct states found (2,292,001 ds/min), 53,540,467 states left on queue.
Progress(25) at 2026-09-08 10:37:54: 611,218,539 states generated (10,229,408 s/min), 156,700,130 distinct states found (2,415,441 ds/min), 54,157,435 states left on queue.
Checkpointing of run states/26-09-08-09-38-42
Checkpointing completed at (2026-09-08 10:38:54)
Progress(25) at 2026-09-08 10:38:54: 621,323,437 states generated (10,104,898 s/min), 159,213,803 distinct states found (2,513,673 ds/min), 54,951,704 states left on queue.
Progress(25) at 2026-09-08 10:39:54: 631,560,004 states generated (10,236,567 s/min), 161,613,045 distinct states found (2,399,242 ds/min), 55,616,597 states left on queue.
Progress(25) at 2026-09-08 10:40:54: 641,841,068 states generated (10,281,064 s/min), 164,054,768 distinct states found (2,441,723 ds/min), 56,310,389 states left on queue.
Progress(25) at 2026-09-08 10:41:54: 652,072,978 states generated (10,231,910 s/min), 166,504,928 distinct states found (2,450,160 ds/min), 57,040,825 states left on queue.
Progress(25) at 2026-09-08 10:42:54: 662,172,182 states generated (10,099,204 s/min), 168,897,217 distinct states found (2,392,289 ds/min), 57,661,249 states left on queue.
Progress(25) at 2026-09-08 10:43:54: 672,568,590 states generated (10,396,408 s/min), 171,231,229 distinct states found (2,334,012 ds/min), 58,261,495 states left on queue.
Progress(25) at 2026-09-08 10:44:54: 682,877,992 states generated (10,309,402 s/min), 173,509,361 distinct states found (2,278,132 ds/min), 58,769,943 states left on queue.
Progress(25) at 2026-09-08 10:45:54: 693,080,892 states generated (10,202,900 s/min), 175,777,740 distinct states found (2,268,379 ds/min), 59,303,985 states left on queue.
Progress(25) at 2026-09-08 10:46:54: 703,232,634 states generated (10,151,742 s/min), 178,162,864 distinct states found (2,385,124 ds/min), 59,965,793 states left on queue.
Progress(25) at 2026-09-08 10:47:54: 713,327,675 states generated (10,095,041 s/min), 180,525,194 distinct states found (2,362,330 ds/min), 60,610,976 states left on queue.
Progress(25) at 2026-09-08 10:48:54: 723,342,943 states generated (10,015,268 s/min), 182,886,953 distinct states found (2,361,759 ds/min), 61,233,054 states left on queue.
Progress(25) at 2026-09-08 10:49:54: 733,255,474 states generated (9,912,531 s/min), 185,255,572 distinct states found (2,368,619 ds/min), 61,914,744 states left on queue.
Progress(25) at 2026-09-08 10:50:54: 743,161,077 states generated (9,905,603 s/min), 187,668,279 distinct states found (2,412,707 ds/min), 62,670,281 states left on queue.
Progress(25) at 2026-09-08 10:51:54: 753,277,209 states generated (10,116,132 s/min), 189,953,741 distinct states found (2,285,462 ds/min), 63,188,621 states left on queue.
Progress(25) at 2026-09-08 10:52:54: 763,106,818 states generated (9,829,609 s/min), 192,338,357 distinct states found (2,384,616 ds/min), 63,918,246 states left on queue.
Progress(25) at 2026-09-08 10:53:54: 773,203,395 states generated (10,096,577 s/min), 194,771,091 distinct states found (2,432,734 ds/min), 64,638,594 states left on queue.
Progress(26) at 2026-09-08 10:54:54: 783,085,749 states generated (9,882,354 s/min), 197,027,529 distinct states found (2,256,438 ds/min), 65,167,049 states left on queue.
Progress(26) at 2026-09-08 10:55:54: 792,810,514 states generated (9,724,765 s/min), 199,317,604 distinct states found (2,290,075 ds/min), 65,760,315 states left on queue.
Progress(26) at 2026-09-08 10:56:54: 802,749,824 states generated (9,939,310 s/min), 201,711,146 distinct states found (2,393,542 ds/min), 66,490,923 states left on queue.
Progress(26) at 2026-09-08 10:57:54: 812,696,330 states generated (9,946,506 s/min), 204,004,684 distinct states found (2,293,538 ds/min), 67,048,450 states left on queue.
Progress(26) at 2026-09-08 10:58:54: 822,754,104 states generated (10,057,774 s/min), 206,248,681 distinct states found (2,243,997 ds/min), 67,655,799 states left on queue.
Progress(26) at 2026-09-08 10:59:54: 832,650,932 states generated (9,896,828 s/min), 208,511,576 distinct states found (2,262,895 ds/min), 68,198,365 states left on queue.
Progress(26) at 2026-09-08 11:00:54: 842,663,193 states generated (10,012,261 s/min), 210,844,889 distinct states found (2,333,313 ds/min), 68,818,586 states left on queue.
Progress(26) at 2026-09-08 11:01:54: 852,625,390 states generated (9,962,197 s/min), 213,159,627 distinct states found (2,314,738 ds/min), 69,388,302 states left on queue.
Progress(26) at 2026-09-08 11:02:54: 862,544,184 states generated (9,918,794 s/min), 215,404,986 distinct states found (2,245,359 ds/min), 69,925,883 states left on queue.
Progress(26) at 2026-09-08 11:03:54: 872,410,994 states generated (9,866,810 s/min), 217,706,764 distinct states found (2,301,778 ds/min), 70,538,327 states left on queue.
Progress(26) at 2026-09-08 11:04:54: 882,613,002 states generated (10,202,008 s/min), 219,990,737 distinct states found (2,283,973 ds/min), 71,080,896 states left on queue.
Progress(26) at 2026-09-08 11:05:54: 892,381,064 states generated (9,768,062 s/min), 222,358,498 distinct states found (2,367,761 ds/min), 71,818,750 states left on queue.
Progress(26) at 2026-09-08 11:06:54: 902,300,933 states generated (9,919,869 s/min), 224,654,389 distinct states found (2,295,891 ds/min), 72,417,124 states left on queue.
Progress(26) at 2026-09-08 11:07:54: 912,446,940 states generated (10,146,007 s/min), 226,992,191 distinct states found (2,337,802 ds/min), 72,995,516 states left on queue.
Checkpointing of run states/26-09-08-09-38-42
Checkpointing completed at (2026-09-08 11:08:55)
Progress(26) at 2026-09-08 11:08:55: 922,620,866 states generated (10,173,926 s/min), 229,253,065 distinct states found (2,260,874 ds/min), 73,491,138 states left on queue.
Progress(26) at 2026-09-08 11:09:55: 932,669,592 states generated (10,048,726 s/min), 231,581,898 distinct states found (2,328,833 ds/min), 74,012,402 states left on queue.
Progress(26) at 2026-09-08 11:10:55: 942,583,637 states generated (9,914,045 s/min), 233,972,390 distinct states found (2,390,492 ds/min), 74,760,481 states left on queue.
Progress(26) at 2026-09-08 11:11:55: 952,726,254 states generated (10,142,617 s/min), 236,266,927 distinct states found (2,294,537 ds/min), 75,347,619 states left on queue.
Progress(26) at 2026-09-08 11:12:55: 962,971,426 states generated (10,245,172 s/min), 238,574,887 distinct states found (2,307,960 ds/min), 75,873,592 states left on queue.
Progress(26) at 2026-09-08 11:13:55: 973,205,177 states generated (10,233,751 s/min), 240,941,046 distinct states found (2,366,159 ds/min), 76,478,018 states left on queue.
Progress(26) at 2026-09-08 11:14:55: 983,243,339 states generated (10,038,162 s/min), 243,229,048 distinct states found (2,288,002 ds/min), 77,080,696 states left on queue.
Progress(26) at 2026-09-08 11:15:55: 993,155,776 states generated (9,912,437 s/min), 245,514,995 distinct states found (2,285,947 ds/min), 77,649,372 states left on queue.
Progress(26) at 2026-09-08 11:16:55: 1,003,249,769 states generated (10,093,993 s/min), 247,715,919 distinct states found (2,200,924 ds/min), 78,070,642 states left on queue.
Progress(26) at 2026-09-08 11:17:55: 1,013,641,141 states generated (10,391,372 s/min), 249,960,923 distinct states found (2,245,004 ds/min), 78,597,099 states left on queue.
Progress(26) at 2026-09-08 11:18:55: 1,023,805,131 states generated (10,163,990 s/min), 252,134,060 distinct states found (2,173,137 ds/min), 78,993,505 states left on queue.
Progress(26) at 2026-09-08 11:19:55: 1,034,035,162 states generated (10,230,031 s/min), 254,238,449 distinct states found (2,104,389 ds/min), 79,339,190 states left on queue.
Progress(26) at 2026-09-08 11:20:55: 1,044,008,070 states generated (9,972,908 s/min), 256,489,869 distinct states found (2,251,420 ds/min), 79,954,523 states left on queue.
Progress(26) at 2026-09-08 11:21:55: 1,054,023,192 states generated (10,015,122 s/min), 258,748,132 distinct states found (2,258,263 ds/min), 80,456,825 states left on queue.
Progress(26) at 2026-09-08 11:22:55: 1,063,934,050 states generated (9,910,858 s/min), 260,987,775 distinct states found (2,239,643 ds/min), 80,980,639 states left on queue.
Progress(26) at 2026-09-08 11:23:55: 1,073,853,079 states generated (9,919,029 s/min), 263,257,666 distinct states found (2,269,891 ds/min), 81,549,027 states left on queue.
Progress(26) at 2026-09-08 11:24:55: 1,083,867,537 states generated (10,014,458 s/min), 265,448,912 distinct states found (2,191,246 ds/min), 82,020,545 states left on queue.
Progress(26) at 2026-09-08 11:25:55: 1,093,558,735 states generated (9,691,198 s/min), 267,705,044 distinct states found (2,256,132 ds/min), 82,579,542 states left on queue.
Progress(26) at 2026-09-08 11:26:55: 1,103,315,907 states generated (9,757,172 s/min), 269,980,719 distinct states found (2,275,675 ds/min), 83,232,632 states left on queue.
Progress(26) at 2026-09-08 11:27:55: 1,113,130,728 states generated (9,814,821 s/min), 272,244,395 distinct states found (2,263,676 ds/min), 83,748,702 states left on queue.
Progress(26) at 2026-09-08 11:28:55: 1,123,165,136 states generated (10,034,408 s/min), 274,432,931 distinct states found (2,188,536 ds/min), 84,210,220 states left on queue.
Progress(26) at 2026-09-08 11:29:55: 1,132,877,298 states generated (9,712,162 s/min), 276,694,009 distinct states found (2,261,078 ds/min), 84,822,992 states left on queue.
Progress(26) at 2026-09-08 11:30:55: 1,142,768,056 states generated (9,890,758 s/min), 279,011,217 distinct states found (2,317,208 ds/min), 85,444,510 states left on queue.
Progress(27) at 2026-09-08 11:31:55: 1,152,666,278 states generated (9,898,222 s/min), 281,254,124 distinct states found (2,242,907 ds/min), 85,951,296 states left on queue.
Progress(27) at 2026-09-08 11:32:55: 1,162,439,546 states generated (9,773,268 s/min), 283,388,543 distinct states found (2,134,419 ds/min), 86,396,095 states left on queue.
Progress(27) at 2026-09-08 11:33:55: 1,172,050,628 states generated (9,611,082 s/min), 285,536,245 distinct states found (2,147,702 ds/min), 86,835,130 states left on queue.
Progress(27) at 2026-09-08 11:34:55: 1,181,728,519 states generated (9,677,891 s/min), 287,753,844 distinct states found (2,217,599 ds/min), 87,441,740 states left on queue.
Progress(27) at 2026-09-08 11:35:55: 1,190,197,973 states generated (8,469,454 s/min), 289,745,436 distinct states found (1,991,592 ds/min), 87,976,689 states left on queue.
Progress(27) at 2026-09-08 11:36:55: 1,199,994,769 states generated (9,796,796 s/min), 291,932,972 distinct states found (2,187,536 ds/min), 88,437,912 states left on queue.
Progress(27) at 2026-09-08 11:37:55: 1,209,913,973 states generated (9,919,204 s/min), 294,108,727 distinct states found (2,175,755 ds/min), 88,949,410 states left on queue.
Checkpointing of run states/26-09-08-09-38-42
Checkpointing completed at (2026-09-08 11:38:55)
Progress(27) at 2026-09-08 11:38:55: 1,220,054,654 states generated (10,140,681 s/min), 296,293,383 distinct states found (2,184,656 ds/min), 89,478,572 states left on queue.
Progress(27) at 2026-09-08 11:39:55: 1,229,844,657 states generated (9,790,003 s/min), 298,448,542 distinct states found (2,155,159 ds/min), 89,922,437 states left on queue.
Progress(27) at 2026-09-08 11:40:55: 1,239,878,448 states generated (10,033,791 s/min), 300,693,069 distinct states found (2,244,527 ds/min), 90,444,478 states left on queue.
Progress(27) at 2026-09-08 11:41:55: 1,249,677,547 states generated (9,799,099 s/min), 302,938,849 distinct states found (2,245,780 ds/min), 90,958,497 states left on queue.
Progress(27) at 2026-09-08 11:42:55: 1,259,549,963 states generated (9,872,416 s/min), 305,078,704 distinct states found (2,139,855 ds/min), 91,394,049 states left on queue.
Progress(27) at 2026-09-08 11:43:55: 1,269,469,322 states generated (9,919,359 s/min), 307,262,348 distinct states found (2,183,644 ds/min), 91,875,673 states left on queue.
Progress(27) at 2026-09-08 11:44:55: 1,279,280,017 states generated (9,810,695 s/min), 309,478,562 distinct states found (2,216,214 ds/min), 92,377,215 states left on queue.
Progress(27) at 2026-09-08 11:45:55: 1,289,388,291 states generated (10,108,274 s/min), 311,655,011 distinct states found (2,176,449 ds/min), 92,910,952 states left on queue.
Progress(27) at 2026-09-08 11:46:55: 1,299,317,522 states generated (9,929,231 s/min), 313,895,753 distinct states found (2,240,742 ds/min), 93,401,629 states left on queue.
Progress(27) at 2026-09-08 11:47:55: 1,309,073,122 states generated (9,755,600 s/min), 316,152,112 distinct states found (2,256,359 ds/min), 94,009,915 states left on queue.
Progress(27) at 2026-09-08 11:48:55: 1,318,944,939 states generated (9,871,817 s/min), 318,472,707 distinct states found (2,320,595 ds/min), 94,588,906 states left on queue.
Progress(27) at 2026-09-08 11:49:55: 1,329,169,742 states generated (10,224,803 s/min), 320,629,936 distinct states found (2,157,229 ds/min), 94,978,800 states left on queue.
Progress(27) at 2026-09-08 11:50:55: 1,339,206,329 states generated (10,036,587 s/min), 322,861,564 distinct states found (2,231,628 ds/min), 95,508,608 states left on queue.
Progress(27) at 2026-09-08 11:51:55: 1,349,207,560 states generated (10,001,231 s/min), 324,997,922 distinct states found (2,136,358 ds/min), 95,871,668 states left on queue.
Progress(27) at 2026-09-08 11:52:55: 1,359,229,333 states generated (10,021,773 s/min), 327,223,504 distinct states found (2,225,582 ds/min), 96,257,692 states left on queue.
Progress(27) at 2026-09-08 11:53:55: 1,369,042,990 states generated (9,813,657 s/min), 329,461,887 distinct states found (2,238,383 ds/min), 96,865,569 states left on queue.
Progress(27) at 2026-09-08 11:54:55: 1,378,937,539 states generated (9,894,549 s/min), 331,748,526 distinct states found (2,286,639 ds/min), 97,451,779 states left on queue.
Progress(27) at 2026-09-08 11:55:55: 1,389,011,092 states generated (10,073,553 s/min), 333,953,747 distinct states found (2,205,221 ds/min), 97,951,934 states left on queue.
Progress(27) at 2026-09-08 11:56:55: 1,399,227,393 states generated (10,216,301 s/min), 336,125,698 distinct states found (2,171,951 ds/min), 98,350,349 states left on queue.
Progress(27) at 2026-09-08 11:57:55: 1,409,229,114 states generated (10,001,721 s/min), 338,299,883 distinct states found (2,174,185 ds/min), 98,780,634 states left on queue.
Progress(27) at 2026-09-08 11:58:55: 1,419,357,783 states generated (10,128,669 s/min), 340,635,742 distinct states found (2,335,859 ds/min), 99,308,867 states left on queue.
Progress(27) at 2026-09-08 11:59:56: 1,429,242,336 states generated (9,884,553 s/min), 342,764,665 distinct states found (2,128,923 ds/min), 99,786,430 states left on queue.
Progress(27) at 2026-09-08 12:00:56: 1,438,847,300 states generated (9,604,964 s/min), 344,888,099 distinct states found (2,123,434 ds/min), 100,269,945 states left on queue.
Progress(27) at 2026-09-08 12:01:56: 1,448,632,386 states generated (9,785,086 s/min), 346,974,232 distinct states found (2,086,133 ds/min), 100,596,926 states left on queue.
Progress(27) at 2026-09-08 12:02:56: 1,458,559,048 states generated (9,926,662 s/min), 349,025,795 distinct states found (2,051,563 ds/min), 100,940,748 states left on queue.
Progress(27) at 2026-09-08 12:03:56: 1,468,896,883 states generated (10,337,835 s/min), 351,201,809 distinct states found (2,176,014 ds/min), 101,379,073 states left on queue.
Progress(27) at 2026-09-08 12:04:56: 1,478,956,866 states generated (10,059,983 s/min), 353,299,679 distinct states found (2,097,870 ds/min), 101,711,846 states left on queue.
Progress(27) at 2026-09-08 12:05:56: 1,489,162,258 states generated (10,205,392 s/min), 355,272,505 distinct states found (1,972,826 ds/min), 101,946,166 states left on queue.
Progress(27) at 2026-09-08 12:06:56: 1,499,177,596 states generated (10,015,338 s/min), 357,368,733 distinct states found (2,096,228 ds/min), 102,301,295 states left on queue.
Progress(27) at 2026-09-08 12:07:56: 1,509,136,375 states generated (9,958,779 s/min), 359,567,636 distinct states found (2,198,903 ds/min), 102,883,503 states left on queue.
Checkpointing of run states/26-09-08-09-38-42
Checkpointing completed at (2026-09-08 12:08:56)
Progress(27) at 2026-09-08 12:08:56: 1,519,192,015 states generated (10,055,640 s/min), 361,750,959 distinct states found (2,183,323 ds/min), 103,278,598 states left on queue.
Progress(27) at 2026-09-08 12:09:56: 1,529,087,736 states generated (9,895,721 s/min), 363,855,967 distinct states found (2,105,008 ds/min), 103,682,231 states left on queue.
Progress(27) at 2026-09-08 12:10:56: 1,538,988,758 states generated (9,901,022 s/min), 366,030,107 distinct states found (2,174,140 ds/min), 104,146,258 states left on queue.
Progress(27) at 2026-09-08 12:11:56: 1,548,821,321 states generated (9,832,563 s/min), 368,227,224 distinct states found (2,197,117 ds/min), 104,636,113 states left on queue.
Progress(27) at 2026-09-08 12:12:56: 1,558,799,793 states generated (9,978,472 s/min), 370,318,754 distinct states found (2,091,530 ds/min), 104,998,473 states left on queue.
Progress(27) at 2026-09-08 12:13:56: 1,568,533,417 states generated (9,733,624 s/min), 372,467,319 distinct states found (2,148,565 ds/min), 105,449,111 states left on queue.
Progress(27) at 2026-09-08 12:14:56: 1,578,223,315 states generated (9,689,898 s/min), 374,652,280 distinct states found (2,184,961 ds/min), 106,017,830 states left on queue.
Progress(27) at 2026-09-08 12:15:56: 1,587,969,417 states generated (9,746,102 s/min), 376,892,044 distinct states found (2,239,764 ds/min), 106,578,139 states left on queue.
Progress(27) at 2026-09-08 12:16:56: 1,597,723,835 states generated (9,754,418 s/min), 379,062,526 distinct states found (2,170,482 ds/min), 107,011,501 states left on queue.
Progress(27) at 2026-09-08 12:17:56: 1,607,852,105 states generated (10,128,270 s/min), 381,160,580 distinct states found (2,098,054 ds/min), 107,357,885 states left on queue.
Progress(27) at 2026-09-08 12:18:56: 1,617,538,386 states generated (9,686,281 s/min), 383,328,075 distinct states found (2,167,495 ds/min), 107,828,262 states left on queue.
Progress(27) at 2026-09-08 12:19:56: 1,627,221,167 states generated (9,682,781 s/min), 385,485,531 distinct states found (2,157,456 ds/min), 108,382,111 states left on queue.
Progress(27) at 2026-09-08 12:20:56: 1,637,068,519 states generated (9,847,352 s/min), 387,711,758 distinct states found (2,226,227 ds/min), 108,877,505 states left on queue.
Progress(27) at 2026-09-08 12:21:56: 1,646,944,330 states generated (9,875,811 s/min), 389,888,418 distinct states found (2,176,660 ds/min), 109,326,554 states left on queue.
Progress(28) at 2026-09-08 12:22:56: 1,656,747,510 states generated (9,803,180 s/min), 391,955,225 distinct states found (2,066,807 ds/min), 109,664,074 states left on queue.
Progress(28) at 2026-09-08 12:23:56: 1,666,461,337 states generated (9,713,827 s/min), 394,005,602 distinct states found (2,050,377 ds/min), 110,036,261 states left on queue.
Progress(28) at 2026-09-08 12:24:56: 1,676,064,015 states generated (9,602,678 s/min), 396,067,318 distinct states found (2,061,716 ds/min), 110,359,331 states left on queue.
Progress(28) at 2026-09-08 12:25:56: 1,685,745,757 states generated (9,681,742 s/min), 398,218,776 distinct states found (2,151,458 ds/min), 110,919,353 states left on queue.
Progress(28) at 2026-09-08 12:26:56: 1,695,556,767 states generated (9,811,010 s/min), 400,457,413 distinct states found (2,238,637 ds/min), 111,447,880 states left on queue.
Progress(28) at 2026-09-08 12:27:56: 1,705,386,829 states generated (9,830,062 s/min), 402,614,149 distinct states found (2,156,736 ds/min), 111,899,134 states left on queue.
Progress(28) at 2026-09-08 12:28:56: 1,715,187,365 states generated (9,800,536 s/min), 404,691,452 distinct states found (2,077,303 ds/min), 112,255,572 states left on queue.
Progress(28) at 2026-09-08 12:29:56: 1,724,997,468 states generated (9,810,103 s/min), 406,786,283 distinct states found (2,094,831 ds/min), 112,705,035 states left on queue.
Progress(28) at 2026-09-08 12:30:56: 1,735,023,394 states generated (10,025,926 s/min), 408,899,524 distinct states found (2,113,241 ds/min), 113,201,495 states left on queue.
Progress(28) at 2026-09-08 12:31:56: 1,744,879,023 states generated (9,855,629 s/min), 410,954,633 distinct states found (2,055,109 ds/min), 113,558,951 states left on queue.
Progress(28) at 2026-09-08 12:32:56: 1,754,549,245 states generated (9,670,222 s/min), 413,029,891 distinct states found (2,075,258 ds/min), 113,944,016 states left on queue.
Progress(28) at 2026-09-08 12:33:56: 1,764,654,632 states generated (10,105,387 s/min), 415,211,773 distinct states found (2,181,882 ds/min), 114,395,979 states left on queue.
Progress(28) at 2026-09-08 12:34:56: 1,774,342,521 states generated (9,687,889 s/min), 417,352,668 distinct states found (2,140,895 ds/min), 114,840,352 states left on queue.
Progress(28) at 2026-09-08 12:35:56: 1,784,244,011 states generated (9,901,490 s/min), 419,430,802 distinct states found (2,078,134 ds/min), 115,209,672 states left on queue.
Progress(28) at 2026-09-08 12:36:56: 1,794,086,599 states generated (9,842,588 s/min), 421,466,629 distinct states found (2,035,827 ds/min), 115,522,278 states left on queue.
Progress(28) at 2026-09-08 12:37:56: 1,803,839,109 states generated (9,752,510 s/min), 423,609,437 distinct states found (2,142,808 ds/min), 115,983,119 states left on queue.
Checkpointing of run states/26-09-08-09-38-42
Checkpointing completed at (2026-09-08 12:38:57)
Progress(28) at 2026-09-08 12:38:57: 1,813,657,883 states generated (9,818,774 s/min), 425,721,913 distinct states found (2,112,476 ds/min), 116,375,953 states left on queue.
Progress(28) at 2026-09-08 12:39:57: 1,823,538,658 states generated (9,880,775 s/min), 427,840,611 distinct states found (2,118,698 ds/min), 116,894,360 states left on queue.
Progress(28) at 2026-09-08 12:40:57: 1,833,664,661 states generated (10,126,003 s/min), 429,959,637 distinct states found (2,119,026 ds/min), 117,267,069 states left on queue.
Progress(28) at 2026-09-08 12:41:57: 1,843,344,294 states generated (9,679,633 s/min), 432,077,279 distinct states found (2,117,642 ds/min), 117,706,644 states left on queue.
Progress(28) at 2026-09-08 12:42:57: 1,853,038,233 states generated (9,693,939 s/min), 434,242,643 distinct states found (2,165,364 ds/min), 118,237,299 states left on queue.
Progress(28) at 2026-09-08 12:43:57: 1,862,815,134 states generated (9,776,901 s/min), 436,468,882 distinct states found (2,226,239 ds/min), 118,717,835 states left on queue.
Progress(28) at 2026-09-08 12:44:57: 1,872,839,716 states generated (10,024,582 s/min), 438,581,684 distinct states found (2,112,802 ds/min), 119,099,598 states left on queue.
Progress(28) at 2026-09-08 12:45:57: 1,882,909,693 states generated (10,069,977 s/min), 440,684,898 distinct states found (2,103,214 ds/min), 119,438,403 states left on queue.
Progress(28) at 2026-09-08 12:46:57: 1,892,838,511 states generated (9,928,818 s/min), 442,817,077 distinct states found (2,132,179 ds/min), 119,900,014 states left on queue.
Progress(28) at 2026-09-08 12:47:57: 1,902,756,853 states generated (9,918,342 s/min), 444,854,187 distinct states found (2,037,110 ds/min), 120,177,168 states left on queue.
Progress(28) at 2026-09-08 12:48:57: 1,912,716,008 states generated (9,959,155 s/min), 446,976,582 distinct states found (2,122,395 ds/min), 120,526,770 states left on queue.
Progress(28) at 2026-09-08 12:49:57: 1,922,541,174 states generated (9,825,166 s/min), 449,109,631 distinct states found (2,133,049 ds/min), 120,894,037 states left on queue.
Progress(28) at 2026-09-08 12:50:57: 1,932,252,300 states generated (9,711,126 s/min), 451,221,129 distinct states found (2,111,498 ds/min), 121,397,820 states left on queue.
Progress(28) at 2026-09-08 12:51:57: 1,942,025,916 states generated (9,773,616 s/min), 453,432,711 distinct states found (2,211,582 ds/min), 121,890,107 states left on queue.
Progress(28) at 2026-09-08 12:52:57: 1,952,085,915 states generated (10,059,999 s/min), 455,567,377 distinct states found (2,134,666 ds/min), 122,283,632 states left on queue.
Progress(28) at 2026-09-08 12:53:57: 1,962,122,118 states generated (10,036,203 s/min), 457,660,052 distinct states found (2,092,675 ds/min), 122,727,631 states left on queue.
Progress(28) at 2026-09-08 12:54:57: 1,972,152,289 states generated (10,030,171 s/min), 459,744,784 distinct states found (2,084,732 ds/min), 123,027,250 states left on queue.
Progress(28) at 2026-09-08 12:55:57: 1,982,006,358 states generated (9,854,069 s/min), 461,824,538 distinct states found (2,079,754 ds/min), 123,384,441 states left on queue.
Progress(28) at 2026-09-08 12:56:57: 1,992,107,466 states generated (10,101,108 s/min), 464,074,090 distinct states found (2,249,552 ds/min), 123,826,394 states left on queue.
Progress(28) at 2026-09-08 12:57:57: 2,002,081,120 states generated (9,973,654 s/min), 466,152,754 distinct states found (2,078,664 ds/min), 124,188,652 states left on queue.
Progress(28) at 2026-09-08 12:58:57: 2,011,689,912 states generated (9,608,792 s/min), 468,179,974 distinct states found (2,027,220 ds/min), 124,586,804 states left on queue.
Progress(28) at 2026-09-08 12:59:57: 2,021,399,716 states generated (9,709,804 s/min), 470,228,806 distinct states found (2,048,832 ds/min), 124,953,194 states left on queue.
Progress(28) at 2026-09-08 13:00:57: 2,031,297,757 states generated (9,898,041 s/min), 472,229,818 distinct states found (2,001,012 ds/min), 125,178,540 states left on queue.
Progress(28) at 2026-09-08 13:01:57: 2,041,199,004 states generated (9,901,247 s/min), 474,228,660 distinct states found (1,998,842 ds/min), 125,455,608 states left on queue.
Progress(28) at 2026-09-08 13:02:57: 2,051,294,316 states generated (10,095,312 s/min), 476,259,407 distinct states found (2,030,747 ds/min), 125,840,410 states left on queue.
Progress(28) at 2026-09-08 13:03:57: 2,061,113,474 states generated (9,819,158 s/min), 478,284,649 distinct states found (2,025,242 ds/min), 126,185,476 states left on queue.
Progress(28) at 2026-09-08 13:04:57: 2,071,015,955 states generated (9,902,481 s/min), 480,210,141 distinct states found (1,925,492 ds/min), 126,339,218 states left on queue.
Progress(28) at 2026-09-08 13:05:57: 2,081,103,849 states generated (10,087,894 s/min), 482,125,748 distinct states found (1,915,607 ds/min), 126,553,770 states left on queue.
Progress(28) at 2026-09-08 13:06:57: 2,090,993,405 states generated (9,889,556 s/min), 484,122,779 distinct states found (1,997,031 ds/min), 126,828,389 states left on queue.
Progress(28) at 2026-09-08 13:07:57: 2,100,726,805 states generated (9,733,400 s/min), 486,248,838 distinct states found (2,126,059 ds/min), 127,366,223 states left on queue.
Checkpointing of run states/26-09-08-09-38-42
Checkpointing completed at (2026-09-08 13:08:57)
Progress(28) at 2026-09-08 13:08:57: 2,110,714,440 states generated (9,987,635 s/min), 488,307,345 distinct states found (2,058,507 ds/min), 127,694,410 states left on queue.
Progress(28) at 2026-09-08 13:09:57: 2,120,642,058 states generated (9,927,618 s/min), 490,373,226 distinct states found (2,065,881 ds/min), 128,005,573 states left on queue.
Progress(28) at 2026-09-08 13:10:57: 2,130,493,152 states generated (9,851,094 s/min), 492,381,342 distinct states found (2,008,116 ds/min), 128,325,599 states left on queue.
Progress(28) at 2026-09-08 13:11:57: 2,140,342,462 states generated (9,849,310 s/min), 494,462,735 distinct states found (2,081,393 ds/min), 128,701,361 states left on queue.
Progress(28) at 2026-09-08 13:12:57: 2,150,020,805 states generated (9,678,343 s/min), 496,543,727 distinct states found (2,080,992 ds/min), 129,088,839 states left on queue.
Progress(28) at 2026-09-08 13:13:57: 2,159,973,718 states generated (9,952,913 s/min), 498,569,186 distinct states found (2,025,459 ds/min), 129,386,304 states left on queue.
Progress(28) at 2026-09-08 13:14:57: 2,169,879,158 states generated (9,905,440 s/min), 500,631,897 distinct states found (2,062,711 ds/min), 129,771,906 states left on queue.
Progress(28) at 2026-09-08 13:15:57: 2,179,411,233 states generated (9,532,075 s/min), 502,667,882 distinct states found (2,035,985 ds/min), 130,131,257 states left on queue.
Progress(28) at 2026-09-08 13:16:57: 2,188,998,118 states generated (9,586,885 s/min), 504,761,300 distinct states found (2,093,418 ds/min), 130,619,919 states left on queue.
Progress(28) at 2026-09-08 13:17:57: 2,198,673,551 states generated (9,675,433 s/min), 506,852,033 distinct states found (2,090,733 ds/min), 131,102,366 states left on queue.
Progress(28) at 2026-09-08 13:18:57: 2,208,353,598 states generated (9,680,047 s/min), 509,027,384 distinct states found (2,175,351 ds/min), 131,572,383 states left on queue.
Progress(28) at 2026-09-08 13:19:57: 2,218,033,987 states generated (9,680,389 s/min), 511,082,286 distinct states found (2,054,902 ds/min), 131,889,099 states left on queue.
Progress(28) at 2026-09-08 13:20:57: 2,228,150,438 states generated (10,116,451 s/min), 513,122,717 distinct states found (2,040,431 ds/min), 132,183,352 states left on queue.
Progress(28) at 2026-09-08 13:21:57: 2,237,686,987 states generated (9,536,549 s/min), 515,149,861 distinct states found (2,027,144 ds/min), 132,517,000 states left on queue.
Progress(28) at 2026-09-08 13:22:57: 2,247,328,469 states generated (9,641,482 s/min), 517,211,609 distinct states found (2,061,748 ds/min), 132,958,984 states left on queue.
Progress(28) at 2026-09-08 13:23:57: 2,256,918,951 states generated (9,590,482 s/min), 519,279,920 distinct states found (2,068,311 ds/min), 133,427,888 states left on queue.
Progress(28) at 2026-09-08 13:24:57: 2,266,715,260 states generated (9,796,309 s/min), 521,443,690 distinct states found (2,163,770 ds/min), 133,865,566 states left on queue.
Progress(28) at 2026-09-08 13:25:57: 2,276,407,925 states generated (9,692,665 s/min), 523,502,679 distinct states found (2,058,989 ds/min), 134,219,031 states left on queue.
Progress(29) at 2026-09-08 13:26:57: 2,286,214,248 states generated (9,806,323 s/min), 525,504,579 distinct states found (2,001,900 ds/min), 134,455,746 states left on queue.
Progress(29) at 2026-09-08 13:27:57: 2,295,973,271 states generated (9,759,023 s/min), 527,494,744 distinct states found (1,990,165 ds/min), 134,779,541 states left on queue.
Progress(29) at 2026-09-08 13:28:57: 2,305,454,953 states generated (9,481,682 s/min), 529,441,216 distinct states found (1,946,472 ds/min), 135,069,570 states left on queue.
Progress(29) at 2026-09-08 13:29:57: 2,314,951,037 states generated (9,496,084 s/min), 531,415,958 distinct states found (1,974,742 ds/min), 135,312,996 states left on queue.
Progress(29) at 2026-09-08 13:30:57: 2,324,500,734 states generated (9,549,697 s/min), 533,464,601 distinct states found (2,048,643 ds/min), 135,783,311 states left on queue.
Progress(29) at 2026-09-08 13:31:57: 2,334,159,817 states generated (9,659,083 s/min), 535,538,891 distinct states found (2,074,290 ds/min), 136,211,548 states left on queue.
Progress(29) at 2026-09-08 13:32:57: 2,343,905,667 states generated (9,745,850 s/min), 537,688,930 distinct states found (2,150,039 ds/min), 136,674,092 states left on queue.
Progress(29) at 2026-09-08 13:34:05: 2,353,269,874 states generated (9,364,207 s/min), 539,681,482 distinct states found (1,992,552 ds/min), 137,028,135 states left on queue.
Progress(29) at 2026-09-08 13:35:05: 2,362,835,833 states generated (9,565,959 s/min), 541,652,364 distinct states found (1,970,882 ds/min), 137,324,520 states left on queue.
Progress(29) at 2026-09-08 13:36:05: 2,372,547,573 states generated (9,711,740 s/min), 543,667,396 distinct states found (2,015,032 ds/min), 137,659,908 states left on queue.
Progress(29) at 2026-09-08 13:37:05: 2,382,403,278 states generated (9,855,705 s/min), 545,701,843 distinct states found (2,034,447 ds/min), 138,075,301 states left on queue.
Progress(29) at 2026-09-08 13:38:05: 2,392,357,951 states generated (9,954,673 s/min), 547,710,777 distinct states found (2,008,934 ds/min), 138,471,505 states left on queue.
Checkpointing of run states/26-09-08-09-38-42
Checkpointing completed at (2026-09-08 13:39:05)
Progress(29) at 2026-09-08 13:39:05: 2,402,108,745 states generated (9,750,794 s/min), 549,677,863 distinct states found (1,967,086 ds/min), 138,754,113 states left on queue.
Progress(29) at 2026-09-08 13:40:05: 2,411,665,178 states generated (9,556,433 s/min), 551,622,435 distinct states found (1,944,572 ds/min), 139,016,500 states left on queue.
Progress(29) at 2026-09-08 13:41:05: 2,421,459,336 states generated (9,794,158 s/min), 553,710,200 distinct states found (2,087,765 ds/min), 139,384,709 states left on queue.
Progress(29) at 2026-09-08 13:42:05: 2,431,362,636 states generated (9,903,300 s/min), 555,785,781 distinct states found (2,075,581 ds/min), 139,799,294 states left on queue.
Progress(29) at 2026-09-08 13:43:05: 2,441,036,527 states generated (9,673,891 s/min), 557,801,039 distinct states found (2,015,258 ds/min), 140,072,918 states left on queue.
Progress(29) at 2026-09-08 13:44:05: 2,450,883,080 states generated (9,846,553 s/min), 559,771,762 distinct states found (1,970,723 ds/min), 140,370,245 states left on queue.
Progress(29) at 2026-09-08 13:45:05: 2,460,578,335 states generated (9,695,255 s/min), 561,719,696 distinct states found (1,947,934 ds/min), 140,611,399 states left on queue.
Progress(29) at 2026-09-08 13:46:05: 2,470,332,722 states generated (9,754,387 s/min), 563,738,897 distinct states found (2,019,201 ds/min), 140,963,967 states left on queue.
Progress(29) at 2026-09-08 13:47:05: 2,480,019,106 states generated (9,686,384 s/min), 565,766,074 distinct states found (2,027,177 ds/min), 141,242,874 states left on queue.
Progress(29) at 2026-09-08 13:48:05: 2,489,674,007 states generated (9,654,901 s/min), 567,780,969 distinct states found (2,014,895 ds/min), 141,653,154 states left on queue.
Progress(29) at 2026-09-08 13:49:05: 2,499,532,491 states generated (9,858,484 s/min), 569,852,593 distinct states found (2,071,624 ds/min), 142,103,167 states left on queue.
Progress(29) at 2026-09-08 13:50:05: 2,509,553,669 states generated (10,021,178 s/min), 571,857,547 distinct states found (2,004,954 ds/min), 142,404,660 states left on queue.
Progress(29) at 2026-09-08 13:51:05: 2,519,304,113 states generated (9,750,444 s/min), 573,899,944 distinct states found (2,042,397 ds/min), 142,721,779 states left on queue.
Progress(29) at 2026-09-08 13:52:05: 2,528,903,786 states generated (9,599,673 s/min), 575,930,048 distinct states found (2,030,104 ds/min), 143,141,639 states left on queue.
Progress(29) at 2026-09-08 13:53:05: 2,538,542,249 states generated (9,638,463 s/min), 578,004,271 distinct states found (2,074,223 ds/min), 143,569,396 states left on queue.
Progress(29) at 2026-09-08 13:54:05: 2,548,282,168 states generated (9,739,919 s/min), 580,167,315 distinct states found (2,163,044 ds/min), 144,000,517 states left on queue.
Progress(29) at 2026-09-08 13:55:05: 2,558,039,244 states generated (9,757,076 s/min), 582,171,939 distinct states found (2,004,624 ds/min), 144,283,299 states left on queue.
Progress(29) at 2026-09-08 13:56:05: 2,568,171,724 states generated (10,132,480 s/min), 584,217,140 distinct states found (2,045,201 ds/min), 144,568,892 states left on queue.
Progress(29) at 2026-09-08 13:57:05: 2,578,034,808 states generated (9,863,084 s/min), 586,259,196 distinct states found (2,042,056 ds/min), 144,883,369 states left on queue.
Progress(29) at 2026-09-08 13:58:05: 2,588,011,959 states generated (9,977,151 s/min), 588,320,916 distinct states found (2,061,720 ds/min), 145,331,981 states left on queue.
Progress(29) at 2026-09-08 13:59:05: 2,597,827,488 states generated (9,815,529 s/min), 590,253,299 distinct states found (1,932,383 ds/min), 145,515,472 states left on queue.
Progress(29) at 2026-09-08 14:00:05: 2,607,597,532 states generated (9,770,044 s/min), 592,254,603 distinct states found (2,001,304 ds/min), 145,794,502 states left on queue.
Progress(29) at 2026-09-08 14:01:05: 2,617,528,736 states generated (9,931,204 s/min), 594,295,897 distinct states found (2,041,294 ds/min), 145,994,292 states left on queue.
Progress(29) at 2026-09-08 14:02:05: 2,627,142,979 states generated (9,614,243 s/min), 596,346,410 distinct states found (2,050,513 ds/min), 146,448,269 states left on queue.
Progress(29) at 2026-09-08 14:03:05: 2,636,826,717 states generated (9,683,738 s/min), 598,375,837 distinct states found (2,029,427 ds/min), 146,851,738 states left on queue.
Progress(29) at 2026-09-08 14:04:05: 2,646,584,681 states generated (9,757,964 s/min), 600,534,472 distinct states found (2,158,635 ds/min), 147,312,182 states left on queue.
Progress(29) at 2026-09-08 14:05:05: 2,656,547,556 states generated (9,962,875 s/min), 602,568,776 distinct states found (2,034,304 ds/min), 147,634,274 states left on queue.
Progress(29) at 2026-09-08 14:06:05: 2,666,388,701 states generated (9,841,145 s/min), 604,631,370 distinct states found (2,062,594 ds/min), 148,073,847 states left on queue.
Progress(29) at 2026-09-08 14:07:05: 2,676,391,791 states generated (10,003,090 s/min), 606,589,573 distinct states found (1,958,203 ds/min), 148,269,137 states left on queue.
Progress(29) at 2026-09-08 14:08:05: 2,686,328,209 states generated (9,936,418 s/min), 608,614,874 distinct states found (2,025,301 ds/min), 148,564,023 states left on queue.
Checkpointing of run states/26-09-08-09-38-42
Checkpointing completed at (2026-09-08 14:09:06)
Progress(29) at 2026-09-08 14:09:06: 2,696,050,994 states generated (9,722,785 s/min), 610,585,083 distinct states found (1,970,209 ds/min), 148,835,550 states left on queue.
Progress(29) at 2026-09-08 14:10:06: 2,705,801,931 states generated (9,750,937 s/min), 612,741,714 distinct states found (2,156,631 ds/min), 149,258,719 states left on queue.
Progress(29) at 2026-09-08 14:11:06: 2,715,646,091 states generated (9,844,160 s/min), 614,706,696 distinct states found (1,964,982 ds/min), 149,473,364 states left on queue.
Progress(29) at 2026-09-08 14:12:06: 2,725,220,885 states generated (9,574,794 s/min), 616,672,000 distinct states found (1,965,304 ds/min), 149,844,112 states left on queue.
Progress(29) at 2026-09-08 14:13:06: 2,734,658,428 states generated (9,437,543 s/min), 618,580,538 distinct states found (1,908,538 ds/min), 150,160,151 states left on queue.
Progress(29) at 2026-09-08 14:14:06: 2,744,161,699 states generated (9,503,271 s/min), 620,486,941 distinct states found (1,906,403 ds/min), 150,431,879 states left on queue.
Progress(29) at 2026-09-08 14:15:06: 2,753,858,290 states generated (9,696,591 s/min), 622,371,390 distinct states found (1,884,449 ds/min), 150,585,079 states left on queue.
Progress(29) at 2026-09-08 14:16:06: 2,763,713,941 states generated (9,855,651 s/min), 624,264,723 distinct states found (1,893,333 ds/min), 150,712,757 states left on queue.
Progress(29) at 2026-09-08 14:17:06: 2,773,800,601 states generated (10,086,660 s/min), 626,276,007 distinct states found (2,011,284 ds/min), 151,122,646 states left on queue.
Progress(29) at 2026-09-08 14:18:06: 2,783,913,877 states generated (10,113,276 s/min), 628,297,156 distinct states found (2,021,149 ds/min), 151,430,306 states left on queue.
Progress(29) at 2026-09-08 14:19:06: 2,793,895,679 states generated (9,981,802 s/min), 630,264,282 distinct states found (1,967,126 ds/min), 151,715,061 states left on queue.
Progress(29) at 2026-09-08 14:20:06: 2,803,916,135 states generated (10,020,456 s/min), 632,109,759 distinct states found (1,845,477 ds/min), 151,794,042 states left on queue.
Progress(29) at 2026-09-08 14:21:06: 2,813,949,977 states generated (10,033,842 s/min), 633,970,337 distinct states found (1,860,578 ds/min), 151,953,817 states left on queue.
Progress(29) at 2026-09-08 14:22:06: 2,823,744,688 states generated (9,794,711 s/min), 635,906,514 distinct states found (1,936,177 ds/min), 152,153,965 states left on queue.
Progress(29) at 2026-09-08 14:23:06: 2,833,470,665 states generated (9,725,977 s/min), 637,897,497 distinct states found (1,990,983 ds/min), 152,569,005 states left on queue.
Progress(29) at 2026-09-08 14:24:06: 2,843,403,379 states generated (9,932,714 s/min), 639,968,318 distinct states found (2,070,821 ds/min), 153,003,671 states left on queue.
Progress(29) at 2026-09-08 14:25:06: 2,853,110,112 states generated (9,706,733 s/min), 641,924,383 distinct states found (1,956,065 ds/min), 153,224,584 states left on queue.
Progress(29) at 2026-09-08 14:26:06: 2,862,995,042 states generated (9,884,930 s/min), 643,877,811 distinct states found (1,953,428 ds/min), 153,439,072 states left on queue.
Progress(29) at 2026-09-08 14:27:06: 2,872,802,828 states generated (9,807,786 s/min), 645,794,893 distinct states found (1,917,082 ds/min), 153,676,315 states left on queue.
Progress(29) at 2026-09-08 14:28:06: 2,882,494,178 states generated (9,691,350 s/min), 647,783,246 distinct states found (1,988,353 ds/min), 153,958,806 states left on queue.
Progress(29) at 2026-09-08 14:29:06: 2,892,261,618 states generated (9,767,440 s/min), 649,721,290 distinct states found (1,938,044 ds/min), 154,239,778 states left on queue.
Progress(29) at 2026-09-08 14:30:06: 2,902,044,502 states generated (9,782,884 s/min), 651,712,111 distinct states found (1,990,821 ds/min), 154,509,522 states left on queue.
Progress(29) at 2026-09-08 14:31:06: 2,911,840,942 states generated (9,796,440 s/min), 653,601,931 distinct states found (1,889,820 ds/min), 154,687,639 states left on queue.
Progress(29) at 2026-09-08 14:32:06: 2,921,783,012 states generated (9,942,070 s/min), 655,652,780 distinct states found (2,050,849 ds/min), 155,066,679 states left on queue.
Progress(29) at 2026-09-08 14:33:06: 2,931,248,202 states generated (9,465,190 s/min), 657,589,951 distinct states found (1,937,171 ds/min), 155,330,457 states left on queue.
Progress(29) at 2026-09-08 14:34:06: 2,940,780,407 states generated (9,532,205 s/min), 659,582,503 distinct states found (1,992,552 ds/min), 155,658,444 states left on queue.
Progress(29) at 2026-09-08 14:35:06: 2,950,137,977 states generated (9,357,570 s/min), 661,555,421 distinct states found (1,972,918 ds/min), 156,101,005 states left on queue.
Progress(29) at 2026-09-08 14:36:06: 2,959,726,840 states generated (9,588,863 s/min), 663,554,224 distinct states found (1,998,803 ds/min), 156,466,129 states left on queue.
Progress(29) at 2026-09-08 14:37:06: 2,969,382,569 states generated (9,655,729 s/min), 665,684,987 distinct states found (2,130,763 ds/min), 156,907,405 states left on queue.
Progress(29) at 2026-09-08 14:38:06: 2,979,042,810 states generated (9,660,241 s/min), 667,716,485 distinct states found (2,031,498 ds/min), 157,224,937 states left on queue.
Checkpointing of run states/26-09-08-09-38-42
Checkpointing completed at (2026-09-08 14:39:06)
Progress(29) at 2026-09-08 14:39:06: 2,989,098,132 states generated (10,055,322 s/min), 669,670,194 distinct states found (1,953,709 ds/min), 157,473,139 states left on queue.
Progress(29) at 2026-09-08 14:40:06: 2,998,731,686 states generated (9,633,554 s/min), 671,568,965 distinct states found (1,898,771 ds/min), 157,653,768 states left on queue.
Progress(29) at 2026-09-08 14:41:06: 3,008,269,647 states generated (9,537,961 s/min), 673,551,947 distinct states found (1,982,982 ds/min), 157,917,205 states left on queue.
Progress(29) at 2026-09-08 14:42:06: 3,017,837,810 states generated (9,568,163 s/min), 675,516,417 distinct states found (1,964,470 ds/min), 158,284,255 states left on queue.
Progress(29) at 2026-09-08 14:43:06: 3,027,396,317 states generated (9,558,507 s/min), 677,525,669 distinct states found (2,009,252 ds/min), 158,710,252 states left on queue.
Progress(29) at 2026-09-08 14:44:06: 3,036,984,858 states generated (9,588,541 s/min), 679,592,517 distinct states found (2,066,848 ds/min), 159,054,906 states left on queue.
Progress(29) at 2026-09-08 14:45:06: 3,046,779,345 states generated (9,794,487 s/min), 681,623,829 distinct states found (2,031,312 ds/min), 159,386,551 states left on queue.
Progress(29) at 2026-09-08 14:46:06: 3,056,483,313 states generated (9,703,968 s/min), 683,602,137 distinct states found (1,978,308 ds/min), 159,649,776 states left on queue.
Progress(30) at 2026-09-08 14:47:06: 3,066,248,658 states generated (9,765,345 s/min), 685,478,566 distinct states found (1,876,429 ds/min), 159,809,005 states left on queue.
Progress(30) at 2026-09-08 14:48:06: 3,075,969,808 states generated (9,721,150 s/min), 687,409,105 distinct states found (1,930,539 ds/min), 160,074,210 states left on queue.
Progress(30) at 2026-09-08 14:49:06: 3,085,418,941 states generated (9,449,133 s/min), 689,308,165 distinct states found (1,899,060 ds/min), 160,324,473 states left on queue.
Progress(30) at 2026-09-08 14:50:06: 3,094,905,415 states generated (9,486,474 s/min), 691,228,751 distinct states found (1,920,586 ds/min), 160,515,821 states left on queue.
Progress(30) at 2026-09-08 14:51:06: 3,104,368,879 states generated (9,463,464 s/min), 693,157,853 distinct states found (1,929,102 ds/min), 160,821,791 states left on queue.
Progress(30) at 2026-09-08 14:52:06: 3,113,898,071 states generated (9,529,192 s/min), 695,079,318 distinct states found (1,921,465 ds/min), 161,158,451 states left on queue.
Progress(30) at 2026-09-08 14:53:06: 3,123,549,027 states generated (9,650,956 s/min), 697,100,325 distinct states found (2,021,007 ds/min), 161,512,983 states left on queue.
Progress(30) at 2026-09-08 14:54:06: 3,133,297,523 states generated (9,748,496 s/min), 699,209,131 distinct states found (2,108,806 ds/min), 161,922,212 states left on queue.
Progress(30) at 2026-09-08 14:55:06: 3,142,978,178 states generated (9,680,655 s/min), 701,216,435 distinct states found (2,007,304 ds/min), 162,243,770 states left on queue.
Progress(30) at 2026-09-08 14:56:06: 3,152,570,286 states generated (9,592,108 s/min), 703,099,006 distinct states found (1,882,571 ds/min), 162,424,845 states left on queue.
Progress(30) at 2026-09-08 14:57:06: 3,162,357,287 states generated (9,787,001 s/min), 705,094,886 distinct states found (1,995,880 ds/min), 162,748,061 states left on queue.
Progress(30) at 2026-09-08 14:58:06: 3,171,948,363 states generated (9,591,076 s/min), 707,055,800 distinct states found (1,960,914 ds/min), 163,069,100 states left on queue.
Progress(30) at 2026-09-08 14:59:06: 3,181,743,865 states generated (9,795,502 s/min), 709,018,971 distinct states found (1,963,171 ds/min), 163,400,550 states left on queue.
Progress(30) at 2026-09-08 15:00:06: 3,191,587,188 states generated (9,843,323 s/min), 710,952,729 distinct states found (1,933,758 ds/min), 163,734,732 states left on queue.
Progress(30) at 2026-09-08 15:01:06: 3,201,393,343 states generated (9,806,155 s/min), 712,872,965 distinct states found (1,920,236 ds/min), 163,998,566 states left on queue.
Progress(30) at 2026-09-08 15:02:06: 3,210,974,157 states generated (9,580,814 s/min), 714,720,648 distinct states found (1,847,683 ds/min), 164,136,851 states left on queue.
Progress(30) at 2026-09-08 15:03:06: 3,220,507,975 states generated (9,533,818 s/min), 716,642,909 distinct states found (1,922,261 ds/min), 164,403,206 states left on queue.
Progress(30) at 2026-09-08 15:04:06: 3,230,386,571 states generated (9,878,596 s/min), 718,670,407 distinct states found (2,027,498 ds/min), 164,705,769 states left on queue.
Progress(30) at 2026-09-08 15:05:06: 3,240,207,024 states generated (9,820,453 s/min), 720,639,559 distinct states found (1,969,152 ds/min), 165,012,446 states left on queue.
Progress(30) at 2026-09-08 15:06:06: 3,249,837,593 states generated (9,630,569 s/min), 722,585,227 distinct states found (1,945,668 ds/min), 165,246,983 states left on queue.
Progress(30) at 2026-09-08 15:07:06: 3,259,489,789 states generated (9,652,196 s/min), 724,492,359 distinct states found (1,907,132 ds/min), 165,470,027 states left on queue.
Progress(30) at 2026-09-08 15:08:06: 3,269,212,962 states generated (9,723,173 s/min), 726,377,815 distinct states found (1,885,456 ds/min), 165,651,925 states left on queue.
Checkpointing of run states/26-09-08-09-38-42
Checkpointing completed at (2026-09-08 15:09:06)
Progress(30) at 2026-09-08 15:09:06: 3,279,114,587 states generated (9,901,625 s/min), 728,290,172 distinct states found (1,912,357 ds/min), 165,853,594 states left on queue.
Progress(30) at 2026-09-08 15:10:06: 3,288,680,707 states generated (9,566,120 s/min), 730,218,187 distinct states found (1,928,015 ds/min), 166,147,138 states left on queue.
Progress(30) at 2026-09-08 15:11:06: 3,298,324,623 states generated (9,643,916 s/min), 732,178,766 distinct states found (1,960,579 ds/min), 166,358,066 states left on queue.
Progress(30) at 2026-09-08 15:12:06: 3,307,903,581 states generated (9,578,958 s/min), 734,127,980 distinct states found (1,949,214 ds/min), 166,687,824 states left on queue.
Progress(30) at 2026-09-08 15:13:06: 3,317,510,763 states generated (9,607,182 s/min), 736,109,689 distinct states found (1,981,709 ds/min), 167,076,735 states left on queue.
Progress(30) at 2026-09-08 15:14:06: 3,327,542,564 states generated (10,031,801 s/min), 738,043,438 distinct states found (1,933,749 ds/min), 167,365,696 states left on queue.
Progress(30) at 2026-09-08 15:15:06: 3,337,466,216 states generated (9,923,652 s/min), 740,007,102 distinct states found (1,963,664 ds/min), 167,563,136 states left on queue.
Progress(30) at 2026-09-08 15:16:06: 3,347,034,931 states generated (9,568,715 s/min), 741,937,619 distinct states found (1,930,517 ds/min), 167,849,893 states left on queue.
Progress(30) at 2026-09-08 15:17:06: 3,356,576,103 states generated (9,541,172 s/min), 743,891,052 distinct states found (1,953,433 ds/min), 168,182,713 states left on queue.
Progress(30) at 2026-09-08 15:18:06: 3,366,163,448 states generated (9,587,345 s/min), 745,854,918 distinct states found (1,963,866 ds/min), 168,546,078 states left on queue.
Progress(30) at 2026-09-08 15:19:06: 3,375,841,188 states generated (9,677,740 s/min), 747,971,236 distinct states found (2,116,318 ds/min), 168,946,896 states left on queue.
Progress(30) at 2026-09-08 15:20:06: 3,385,486,197 states generated (9,645,009 s/min), 749,956,659 distinct states found (1,985,423 ds/min), 169,190,462 states left on queue.
Progress(30) at 2026-09-08 15:21:06: 3,395,302,010 states generated (9,815,813 s/min), 751,889,517 distinct states found (1,932,858 ds/min), 169,430,658 states left on queue.
Progress(30) at 2026-09-08 15:22:06: 3,405,350,731 states generated (10,048,721 s/min), 753,861,339 distinct states found (1,971,822 ds/min), 169,649,541 states left on queue.
Progress(30) at 2026-09-08 15:23:06: 3,415,175,484 states generated (9,824,753 s/min), 755,836,499 distinct states found (1,975,160 ds/min), 169,927,455 states left on queue.
Progress(30) at 2026-09-08 15:24:06: 3,424,893,939 states generated (9,718,455 s/min), 757,800,445 distinct states found (1,963,946 ds/min), 170,261,617 states left on queue.
Progress(30) at 2026-09-08 15:25:06: 3,434,916,654 states generated (10,022,715 s/min), 759,741,041 distinct states found (1,940,596 ds/min), 170,544,649 states left on queue.
Progress(30) at 2026-09-08 15:26:06: 3,444,656,377 states generated (9,739,723 s/min), 761,580,535 distinct states found (1,839,494 ds/min), 170,625,653 states left on queue.
Progress(30) at 2026-09-08 15:27:06: 3,454,367,107 states generated (9,710,730 s/min), 763,533,710 distinct states found (1,953,175 ds/min), 170,852,786 states left on queue.
Progress(30) at 2026-09-08 15:28:06: 3,464,007,170 states generated (9,640,063 s/min), 765,462,578 distinct states found (1,928,868 ds/min), 171,010,103 states left on queue.
Progress(30) at 2026-09-08 15:29:06: 3,473,388,312 states generated (9,381,142 s/min), 767,391,576 distinct states found (1,928,998 ds/min), 171,388,378 states left on queue.
Progress(30) at 2026-09-08 15:30:06: 3,482,853,912 states generated (9,465,600 s/min), 769,297,828 distinct states found (1,906,252 ds/min), 171,721,379 states left on queue.
Progress(30) at 2026-09-08 15:31:06: 3,492,346,925 states generated (9,493,013 s/min), 771,318,959 distinct states found (2,021,131 ds/min), 172,066,218 states left on queue.
Progress(30) at 2026-09-08 15:32:06: 3,501,903,908 states generated (9,556,983 s/min), 773,291,012 distinct states found (1,972,053 ds/min), 172,389,732 states left on queue.
Progress(30) at 2026-09-08 15:33:06: 3,511,725,652 states generated (9,821,744 s/min), 775,242,674 distinct states found (1,951,662 ds/min), 172,671,698 states left on queue.
Progress(30) at 2026-09-08 15:34:06: 3,521,401,945 states generated (9,676,293 s/min), 777,192,591 distinct states found (1,949,917 ds/min), 173,006,372 states left on queue.
Progress(30) at 2026-09-08 15:35:06: 3,531,298,299 states generated (9,896,354 s/min), 779,099,471 distinct states found (1,906,880 ds/min), 173,262,568 states left on queue.
Progress(30) at 2026-09-08 15:36:06: 3,541,274,507 states generated (9,976,208 s/min), 781,036,240 distinct states found (1,936,769 ds/min), 173,429,547 states left on queue.
Progress(30) at 2026-09-08 15:37:06: 3,550,936,168 states generated (9,661,661 s/min), 782,961,350 distinct states found (1,925,110 ds/min), 173,641,472 states left on queue.
Progress(30) at 2026-09-08 15:38:06: 3,560,726,516 states generated (9,790,348 s/min), 784,927,282 distinct states found (1,965,932 ds/min), 173,916,562 states left on queue.
Checkpointing of run states/26-09-08-09-38-42
Checkpointing completed at (2026-09-08 15:39:07)
Progress(30) at 2026-09-08 15:39:07: 3,570,644,218 states generated (9,917,702 s/min), 787,041,418 distinct states found (2,114,136 ds/min), 174,257,930 states left on queue.
Progress(30) at 2026-09-08 15:40:07: 3,580,603,991 states generated (9,959,773 s/min), 788,952,817 distinct states found (1,911,399 ds/min), 174,395,921 states left on queue.
Progress(30) at 2026-09-08 15:41:07: 3,590,380,664 states generated (9,776,673 s/min), 790,921,644 distinct states found (1,968,827 ds/min), 174,759,012 states left on queue.
Progress(30) at 2026-09-08 15:42:07: 3,599,881,000 states generated (9,500,336 s/min), 792,738,781 distinct states found (1,817,137 ds/min), 174,973,931 states left on queue.
Progress(30) at 2026-09-08 15:43:07: 3,609,480,238 states generated (9,599,238 s/min), 794,569,845 distinct states found (1,831,064 ds/min), 175,151,639 states left on queue.
Progress(30) at 2026-09-08 15:44:07: 3,619,077,647 states generated (9,597,409 s/min), 796,418,653 distinct states found (1,848,808 ds/min), 175,351,021 states left on queue.
Progress(30) at 2026-09-08 15:45:07: 3,628,883,059 states generated (9,805,412 s/min), 798,250,819 distinct states found (1,832,166 ds/min), 175,447,258 states left on queue.
Progress(30) at 2026-09-08 15:46:07: 3,638,665,999 states generated (9,782,940 s/min), 800,053,819 distinct states found (1,803,000 ds/min), 175,524,410 states left on queue.
Progress(30) at 2026-09-08 15:47:07: 3,648,712,727 states generated (10,046,728 s/min), 802,003,101 distinct states found (1,949,282 ds/min), 175,865,575 states left on queue.
Progress(30) at 2026-09-08 15:48:07: 3,658,864,800 states generated (10,152,073 s/min), 803,980,062 distinct states found (1,976,961 ds/min), 176,166,146 states left on queue.
Progress(30) at 2026-09-08 15:49:07: 3,668,810,713 states generated (9,945,913 s/min), 805,878,316 distinct states found (1,898,254 ds/min), 176,377,689 states left on queue.
Progress(30) at 2026-09-08 15:50:07: 3,678,678,469 states generated (9,867,756 s/min), 807,715,068 distinct states found (1,836,752 ds/min), 176,485,617 states left on queue.
Progress(30) at 2026-09-08 15:51:07: 3,688,663,012 states generated (9,984,543 s/min), 809,428,848 distinct states found (1,713,780 ds/min), 176,464,848 states left on queue.
Progress(30) at 2026-09-08 15:52:07: 3,698,631,698 states generated (9,968,686 s/min), 811,277,246 distinct states found (1,848,398 ds/min), 176,586,648 states left on queue.
Progress(30) at 2026-09-08 15:53:07: 3,708,357,789 states generated (9,726,091 s/min), 813,162,080 distinct states found (1,884,834 ds/min), 176,825,365 states left on queue.
Progress(30) at 2026-09-08 15:54:07: 3,717,883,102 states generated (9,525,313 s/min), 815,094,262 distinct states found (1,932,182 ds/min), 177,173,810 states left on queue.
Progress(30) at 2026-09-08 15:55:07: 3,727,639,073 states generated (9,755,971 s/min), 817,104,047 distinct states found (2,009,785 ds/min), 177,549,562 states left on queue.
Progress(30) at 2026-09-08 15:56:07: 3,737,400,096 states generated (9,761,023 s/min), 818,943,421 distinct states found (1,839,374 ds/min), 177,691,532 states left on queue.
Progress(30) at 2026-09-08 15:57:07: 3,747,308,886 states generated (9,908,790 s/min), 820,911,739 distinct states found (1,968,318 ds/min), 177,923,331 states left on queue.
Progress(30) at 2026-09-08 15:58:07: 3,757,093,979 states generated (9,785,093 s/min), 822,725,088 distinct states found (1,813,349 ds/min), 178,022,184 states left on queue.
Progress(30) at 2026-09-08 15:59:07: 3,766,649,966 states generated (9,555,987 s/min), 824,568,723 distinct states found (1,843,635 ds/min), 178,208,973 states left on queue.
Progress(30) at 2026-09-08 16:00:07: 3,776,371,606 states generated (9,721,640 s/min), 826,467,321 distinct states found (1,898,598 ds/min), 178,417,768 states left on queue.
Progress(30) at 2026-09-08 16:01:07: 3,786,002,638 states generated (9,631,032 s/min), 828,321,458 distinct states found (1,854,137 ds/min), 178,626,355 states left on queue.
Progress(30) at 2026-09-08 16:02:07: 3,795,702,462 states generated (9,699,824 s/min), 830,219,003 distinct states found (1,897,545 ds/min), 178,796,586 states left on queue.
Progress(30) at 2026-09-08 16:03:07: 3,805,523,689 states generated (9,821,227 s/min), 832,069,023 distinct states found (1,850,020 ds/min), 178,935,748 states left on queue.
Progress(30) at 2026-09-08 16:04:07: 3,815,218,714 states generated (9,695,025 s/min), 833,995,732 distinct states found (1,926,709 ds/min), 179,212,110 states left on queue.
Progress(30) at 2026-09-08 16:05:07: 3,824,914,970 states generated (9,696,256 s/min), 835,920,544 distinct states found (1,924,812 ds/min), 179,475,938 states left on queue.
Progress(30) at 2026-09-08 16:06:07: 3,834,354,460 states generated (9,439,490 s/min), 837,769,820 distinct states found (1,849,276 ds/min), 179,634,682 states left on queue.
Progress(30) at 2026-09-08 16:07:07: 3,843,815,857 states generated (9,461,397 s/min), 839,718,216 distinct states found (1,948,396 ds/min), 179,954,447 states left on queue.
Progress(30) at 2026-09-08 16:08:07: 3,853,338,362 states generated (9,522,505 s/min), 841,652,138 distinct states found (1,933,922 ds/min), 180,306,084 states left on queue.
Checkpointing of run states/26-09-08-09-38-42
Checkpointing completed at (2026-09-08 16:09:07)
Progress(30) at 2026-09-08 16:09:07: 3,862,939,863 states generated (9,601,501 s/min), 843,593,989 distinct states found (1,941,851 ds/min), 180,636,166 states left on queue.
Progress(30) at 2026-09-08 16:10:07: 3,872,519,057 states generated (9,579,194 s/min), 845,610,527 distinct states found (2,016,538 ds/min), 180,965,251 states left on queue.
Progress(30) at 2026-09-08 16:11:07: 3,882,120,695 states generated (9,601,638 s/min), 847,597,668 distinct states found (1,987,141 ds/min), 181,255,197 states left on queue.
Progress(30) at 2026-09-08 16:12:07: 3,891,729,827 states generated (9,609,132 s/min), 849,498,634 distinct states found (1,900,966 ds/min), 181,460,320 states left on queue.
Progress(30) at 2026-09-08 16:13:07: 3,901,745,573 states generated (10,015,746 s/min), 851,406,008 distinct states found (1,907,374 ds/min), 181,654,364 states left on queue.
Progress(30) at 2026-09-08 16:14:07: 3,911,300,256 states generated (9,554,683 s/min), 853,244,260 distinct states found (1,838,252 ds/min), 181,780,317 states left on queue.
Progress(30) at 2026-09-08 16:15:07: 3,920,768,640 states generated (9,468,384 s/min), 855,103,607 distinct states found (1,859,347 ds/min), 181,913,007 states left on queue.
Progress(30) at 2026-09-08 16:16:07: 3,930,337,384 states generated (9,568,744 s/min), 857,029,200 distinct states found (1,925,593 ds/min), 182,263,697 states left on queue.
Progress(30) at 2026-09-08 16:17:07: 3,939,786,356 states generated (9,448,972 s/min), 858,910,519 distinct states found (1,881,319 ds/min), 182,527,060 states left on queue.
Progress(30) at 2026-09-08 16:18:07: 3,949,263,647 states generated (9,477,291 s/min), 860,822,206 distinct states found (1,911,687 ds/min), 182,811,679 states left on queue.
Progress(30) at 2026-09-08 16:19:07: 3,958,849,157 states generated (9,585,510 s/min), 862,861,151 distinct states found (2,038,945 ds/min), 183,117,775 states left on queue.
Progress(30) at 2026-09-08 16:20:07: 3,968,616,556 states generated (9,767,399 s/min), 864,799,986 distinct states found (1,938,835 ds/min), 183,364,364 states left on queue.
Progress(30) at 2026-09-08 16:21:07: 3,978,182,629 states generated (9,566,073 s/min), 866,659,454 distinct states found (1,859,468 ds/min), 183,552,873 states left on queue.
Progress(31) at 2026-09-08 16:22:07: 3,987,963,343 states generated (9,780,714 s/min), 868,525,449 distinct states found (1,865,995 ds/min), 183,679,646 states left on queue.
Progress(31) at 2026-09-08 16:23:07: 3,997,559,368 states generated (9,596,025 s/min), 870,370,156 distinct states found (1,844,707 ds/min), 183,874,768 states left on queue.
Progress(31) at 2026-09-08 16:24:07: 4,007,170,021 states generated (9,610,653 s/min), 872,245,738 distinct states found (1,875,582 ds/min), 184,078,879 states left on queue.
Progress(31) at 2026-09-08 16:25:07: 4,016,576,702 states generated (9,406,681 s/min), 874,017,557 distinct states found (1,771,819 ds/min), 184,205,914 states left on queue.
Progress(31) at 2026-09-08 16:26:07: 4,026,027,951 states generated (9,451,249 s/min), 875,886,349 distinct states found (1,868,792 ds/min), 184,363,501 states left on queue.
Progress(31) at 2026-09-08 16:27:07: 4,035,459,015 states generated (9,431,064 s/min), 877,769,906 distinct states found (1,883,557 ds/min), 184,626,826 states left on queue.
Progress(31) at 2026-09-08 16:28:07: 4,044,885,337 states generated (9,426,322 s/min), 879,595,883 distinct states found (1,825,977 ds/min), 184,855,959 states left on queue.
Progress(31) at 2026-09-08 16:29:07: 4,054,468,050 states generated (9,582,713 s/min), 881,457,753 distinct states found (1,861,870 ds/min), 185,112,085 states left on queue.
Progress(31) at 2026-09-08 16:30:07: 4,064,101,641 states generated (9,633,591 s/min), 883,539,385 distinct states found (2,081,632 ds/min), 185,454,666 states left on queue.
Progress(31) at 2026-09-08 16:31:07: 4,073,784,470 states generated (9,682,829 s/min), 885,512,458 distinct states found (1,973,073 ds/min), 185,786,045 states left on queue.
Progress(31) at 2026-09-08 16:32:07: 4,083,425,127 states generated (9,640,657 s/min), 887,458,765 distinct states found (1,946,307 ds/min), 186,035,702 states left on queue.
Progress(31) at 2026-09-08 16:33:07: 4,092,987,578 states generated (9,562,451 s/min), 889,261,547 distinct states found (1,802,782 ds/min), 186,146,604 states left on queue.
Progress(31) at 2026-09-08 16:34:07: 4,102,738,107 states generated (9,750,529 s/min), 891,235,583 distinct states found (1,974,036 ds/min), 186,470,229 states left on queue.
Progress(31) at 2026-09-08 16:35:07: 4,112,218,142 states generated (9,480,035 s/min), 893,090,927 distinct states found (1,855,344 ds/min), 186,664,890 states left on queue.
Progress(31) at 2026-09-08 16:36:07: 4,121,832,821 states generated (9,614,679 s/min), 894,987,343 distinct states found (1,896,416 ds/min), 186,957,374 states left on queue.
Progress(31) at 2026-09-08 16:37:07: 4,131,605,081 states generated (9,772,260 s/min), 896,879,499 distinct states found (1,892,156 ds/min), 187,231,442 states left on queue.
Progress(31) at 2026-09-08 16:38:07: 4,141,428,722 states generated (9,823,641 s/min), 898,774,649 distinct states found (1,895,150 ds/min), 187,509,449 states left on queue.
Checkpointing of run states/26-09-08-09-38-42
Checkpointing completed at (2026-09-08 16:39:07)
Progress(31) at 2026-09-08 16:39:07: 4,151,191,314 states generated (9,762,592 s/min), 900,632,521 distinct states found (1,857,872 ds/min), 187,721,820 states left on queue.
Progress(31) at 2026-09-08 16:40:07: 4,160,714,773 states generated (9,523,459 s/min), 902,391,302 distinct states found (1,758,781 ds/min), 187,781,440 states left on queue.
Progress(31) at 2026-09-08 16:41:07: 4,170,209,644 states generated (9,494,871 s/min), 904,230,874 distinct states found (1,839,572 ds/min), 187,980,464 states left on queue.
Progress(31) at 2026-09-08 16:42:07: 4,179,841,345 states generated (9,631,701 s/min), 906,137,278 distinct states found (1,906,404 ds/min), 188,149,786 states left on queue.
Progress(31) at 2026-09-08 16:43:07: 4,189,888,045 states generated (10,046,700 s/min), 908,119,602 distinct states found (1,982,324 ds/min), 188,465,163 states left on queue.
Progress(31) at 2026-09-08 16:44:07: 4,199,396,408 states generated (9,508,363 s/min), 909,998,048 distinct states found (1,878,446 ds/min), 188,713,047 states left on queue.
Progress(31) at 2026-09-08 16:45:07: 4,208,965,038 states generated (9,568,630 s/min), 911,855,509 distinct states found (1,857,461 ds/min), 188,834,127 states left on queue.
Progress(31) at 2026-09-08 16:46:07: 4,218,458,987 states generated (9,493,949 s/min), 913,675,212 distinct states found (1,819,703 ds/min), 189,034,636 states left on queue.
Progress(31) at 2026-09-08 16:47:07: 4,227,989,750 states generated (9,530,763 s/min), 915,457,357 distinct states found (1,782,145 ds/min), 189,143,833 states left on queue.
Progress(31) at 2026-09-08 16:48:07: 4,237,599,608 states generated (9,609,858 s/min), 917,290,916 distinct states found (1,833,559 ds/min), 189,321,879 states left on queue.
Progress(31) at 2026-09-08 16:49:07: 4,246,999,212 states generated (9,399,604 s/min), 919,119,770 distinct states found (1,828,854 ds/min), 189,534,262 states left on queue.
Progress(31) at 2026-09-08 16:50:07: 4,256,459,408 states generated (9,460,196 s/min), 920,967,733 distinct states found (1,847,963 ds/min), 189,724,176 states left on queue.
Progress(31) at 2026-09-08 16:51:07: 4,265,890,983 states generated (9,431,575 s/min), 922,792,717 distinct states found (1,824,984 ds/min), 189,863,370 states left on queue.
Progress(31) at 2026-09-08 16:52:07: 4,275,260,010 states generated (9,369,027 s/min), 924,661,596 distinct states found (1,868,879 ds/min), 190,180,814 states left on queue.
Progress(31) at 2026-09-08 16:53:07: 4,284,730,494 states generated (9,470,484 s/min), 926,582,186 distinct states found (1,920,590 ds/min), 190,514,206 states left on queue.
Progress(31) at 2026-09-08 16:54:07: 4,294,716,927 states generated (9,986,433 s/min), 928,466,087 distinct states found (1,883,901 ds/min), 190,768,365 states left on queue.
Progress(31) at 2026-09-08 16:55:07: 4,304,483,884 states generated (9,766,957 s/min), 930,342,352 distinct states found (1,876,265 ds/min), 190,927,405 states left on queue.
Progress(31) at 2026-09-08 16:56:07: 4,314,101,874 states generated (9,617,990 s/min), 932,182,684 distinct states found (1,840,332 ds/min), 191,038,105 states left on queue.
Progress(31) at 2026-09-08 16:57:07: 4,323,624,164 states generated (9,522,290 s/min), 934,057,588 distinct states found (1,874,904 ds/min), 191,319,900 states left on queue.
Progress(31) at 2026-09-08 16:58:07: 4,333,076,014 states generated (9,451,850 s/min), 935,934,658 distinct states found (1,877,070 ds/min), 191,588,401 states left on queue.
Progress(31) at 2026-09-08 16:59:07: 4,342,604,793 states generated (9,528,779 s/min), 937,799,068 distinct states found (1,864,410 ds/min), 191,848,497 states left on queue.
Progress(31) at 2026-09-08 17:00:07: 4,352,214,568 states generated (9,609,775 s/min), 939,844,668 distinct states found (2,045,600 ds/min), 192,186,722 states left on queue.
Progress(31) at 2026-09-08 17:01:07: 4,361,799,463 states generated (9,584,895 s/min), 941,771,446 distinct states found (1,926,778 ds/min), 192,387,129 states left on queue.
Progress(31) at 2026-09-08 17:02:07: 4,371,356,479 states generated (9,557,016 s/min), 943,641,777 distinct states found (1,870,331 ds/min), 192,557,958 states left on queue.
Progress(31) at 2026-09-08 17:03:07: 4,381,407,625 states generated (10,051,146 s/min), 945,565,697 distinct states found (1,923,920 ds/min), 192,762,133 states left on queue.
Progress(31) at 2026-09-08 17:04:07: 4,391,223,959 states generated (9,816,334 s/min), 947,407,115 distinct states found (1,841,418 ds/min), 192,871,785 states left on queue.
Progress(31) at 2026-09-08 17:05:07: 4,400,940,152 states generated (9,716,193 s/min), 949,295,528 distinct states found (1,888,413 ds/min), 193,059,487 states left on queue.
Progress(31) at 2026-09-08 17:06:07: 4,410,582,457 states generated (9,642,305 s/min), 951,203,207 distinct states found (1,907,679 ds/min), 193,386,312 states left on queue.
Progress(31) at 2026-09-08 17:07:07: 4,420,585,193 states generated (10,002,736 s/min), 953,079,888 distinct states found (1,876,681 ds/min), 193,603,555 states left on queue.
Progress(31) at 2026-09-08 17:08:07: 4,430,218,706 states generated (9,633,513 s/min), 954,836,871 distinct states found (1,756,983 ds/min), 193,630,125 states left on queue.
Checkpointing of run states/26-09-08-09-38-42
Checkpointing completed at (2026-09-08 17:09:08)
Progress(31) at 2026-09-08 17:09:08: 4,439,893,345 states generated (9,674,639 s/min), 956,725,213 distinct states found (1,888,342 ds/min), 193,813,137 states left on queue.
Progress(31) at 2026-09-08 17:10:08: 4,449,695,798 states generated (9,802,453 s/min), 958,582,721 distinct states found (1,857,508 ds/min), 193,848,714 states left on queue.
Progress(31) at 2026-09-08 17:11:08: 4,459,276,682 states generated (9,580,884 s/min), 960,531,376 distinct states found (1,948,655 ds/min), 194,167,944 states left on queue.
Progress(31) at 2026-09-08 17:12:08: 4,468,678,065 states generated (9,401,383 s/min), 962,350,912 distinct states found (1,819,536 ds/min), 194,402,432 states left on queue.
Progress(31) at 2026-09-08 17:13:08: 4,478,246,779 states generated (9,568,714 s/min), 964,209,956 distinct states found (1,859,044 ds/min), 194,667,080 states left on queue.
Progress(31) at 2026-09-08 17:14:08: 4,487,829,799 states generated (9,583,020 s/min), 966,206,397 distinct states found (1,996,441 ds/min), 194,966,338 states left on queue.
Progress(31) at 2026-09-08 17:15:08: 4,497,433,945 states generated (9,604,146 s/min), 968,135,585 distinct states found (1,929,188 ds/min), 195,243,917 states left on queue.
Progress(31) at 2026-09-08 17:16:08: 4,507,187,529 states generated (9,753,584 s/min), 969,992,030 distinct states found (1,856,445 ds/min), 195,393,360 states left on queue.
Progress(31) at 2026-09-08 17:17:08: 4,517,037,457 states generated (9,849,928 s/min), 971,942,817 distinct states found (1,950,787 ds/min), 195,675,532 states left on queue.
Progress(31) at 2026-09-08 17:18:08: 4,526,661,306 states generated (9,623,849 s/min), 973,829,775 distinct states found (1,886,958 ds/min), 196,006,239 states left on queue.
Progress(31) at 2026-09-08 17:19:08: 4,536,540,645 states generated (9,879,339 s/min), 975,617,828 distinct states found (1,788,053 ds/min), 196,068,859 states left on queue.
Progress(31) at 2026-09-08 17:20:08: 4,546,446,230 states generated (9,905,585 s/min), 977,502,515 distinct states found (1,884,687 ds/min), 196,229,603 states left on queue.
Progress(31) at 2026-09-08 17:21:08: 4,556,010,061 states generated (9,563,831 s/min), 979,345,792 distinct states found (1,843,277 ds/min), 196,374,843 states left on queue.
Progress(31) at 2026-09-08 17:22:08: 4,565,720,663 states generated (9,710,602 s/min), 981,235,999 distinct states found (1,890,207 ds/min), 196,591,378 states left on queue.
Progress(31) at 2026-09-08 17:23:08: 4,575,319,146 states generated (9,598,483 s/min), 983,239,459 distinct states found (2,003,460 ds/min), 196,863,043 states left on queue.
Progress(31) at 2026-09-08 17:24:08: 4,585,307,155 states generated (9,988,009 s/min), 985,176,994 distinct states found (1,937,535 ds/min), 197,003,847 states left on queue.
Progress(31) at 2026-09-08 17:25:08: 4,595,164,352 states generated (9,857,197 s/min), 986,997,646 distinct states found (1,820,652 ds/min), 197,147,037 states left on queue.
Progress(31) at 2026-09-08 17:26:08: 4,604,640,682 states generated (9,476,330 s/min), 988,817,656 distinct states found (1,820,010 ds/min), 197,386,066 states left on queue.
Progress(31) at 2026-09-08 17:27:08: 4,614,015,199 states generated (9,374,517 s/min), 990,529,411 distinct states found (1,711,755 ds/min), 197,486,899 states left on queue.
Progress(31) at 2026-09-08 17:28:08: 4,623,557,121 states generated (9,541,922 s/min), 992,278,976 distinct states found (1,749,565 ds/min), 197,613,119 states left on queue.
Progress(31) at 2026-09-08 17:29:08: 4,633,069,090 states generated (9,511,969 s/min), 994,046,884 distinct states found (1,767,908 ds/min), 197,741,535 states left on queue.
Progress(31) at 2026-09-08 17:30:08: 4,642,770,243 states generated (9,701,153 s/min), 995,766,676 distinct states found (1,719,792 ds/min), 197,736,508 states left on queue.
Progress(31) at 2026-09-08 17:31:08: 4,652,458,064 states generated (9,687,821 s/min), 997,490,914 distinct states found (1,724,238 ds/min), 197,736,436 states left on queue.
Progress(31) at 2026-09-08 17:32:08: 4,662,201,629 states generated (9,743,565 s/min), 999,317,146 distinct states found (1,826,232 ds/min), 197,987,503 states left on queue.
Progress(31) at 2026-09-08 17:33:08: 4,672,341,686 states generated (10,140,057 s/min), 1,001,283,083 distinct states found (1,965,937 ds/min), 198,309,105 states left on queue.
Progress(31) at 2026-09-08 17:34:08: 4,682,200,073 states generated (9,858,387 s/min), 1,003,122,409 distinct states found (1,839,326 ds/min), 198,454,333 states left on queue.
Error: Java ran out of memory.  Running Java with a larger memory allocation
pool (heap) may fix this.  But it won't help if some state has an enormous
number of successor states, or if TLC must compute the value of a huge set.
